com.leanplum.AESCrypt -> com.leanplum.a:
    java.lang.String APP_ID_KEY_PREFIX -> a
    java.lang.String APP_ID_KEY_SUFFIX -> b
    java.lang.String appId -> c
    java.lang.String token -> d
    111:111:java.lang.String appIdKeyPassword() -> a
    120:137:java.lang.String encrypt(java.lang.String) -> a
    141:149:java.lang.String decodePreference(android.content.SharedPreferences,java.lang.String,java.lang.String) -> a
    201:205:java.lang.String encryptInternal(java.lang.String,java.lang.String) -> a
    210:226:byte[] parseCiphertextInternal(java.lang.String) -> b
    239:252:java.lang.String decryptInternal(java.lang.String,java.lang.String) -> b
    268:293:byte[] performCryptOperation(int,java.lang.String,byte[]) -> a
com.leanplum.AESCrypt$1 -> com.leanplum.b:
    int[] $SwitchMap$com$leanplum$AESCrypt$EncryptionType -> a
com.leanplum.AESCrypt$EncryptionType -> com.leanplum.c:
    com.leanplum.AESCrypt$EncryptionType LEGACY_TOKEN -> a
    com.leanplum.AESCrypt$EncryptionType APP_ID_KEY -> b
    java.lang.String prefix -> c
    java.lang.String prefixWithBracket -> d
    com.leanplum.AESCrypt$EncryptionType[] $VALUES -> e
    35:35:com.leanplum.AESCrypt$EncryptionType[] values() -> values
    35:35:com.leanplum.AESCrypt$EncryptionType valueOf(java.lang.String) -> valueOf
    76:86:android.util.Pair parseCipherText(java.lang.String) -> a
com.leanplum.ActionArg -> com.leanplum.d:
    java.lang.String name -> a
    java.lang.String kind -> b
    java.lang.Object defaultValue -> c
    boolean isAsset -> d
    25:29:com.leanplum.ActionArg argNamed(java.lang.String,java.lang.Object,java.lang.String) -> a
    38:38:com.leanplum.ActionArg argNamed(java.lang.String,java.lang.Object) -> a
    42:42:com.leanplum.ActionArg colorArgNamed(java.lang.String,int) -> a
    46:52:com.leanplum.ActionArg fileArgNamed(java.lang.String,java.lang.String) -> a
    56:60:com.leanplum.ActionArg assetArgNamed(java.lang.String,java.lang.String) -> b
    64:67:com.leanplum.ActionArg actionArgNamed(java.lang.String,java.lang.String) -> c
    71:71:java.lang.String name() -> a
    75:75:java.lang.String kind() -> b
    79:79:java.lang.Object defaultValue() -> c
    83:86:java.io.InputStream defaultStream() -> d
    35:36:boolean shouldTriggerEnteredGeofence(java.lang.Number,java.lang.Number) -> a
    40:41:boolean shouldTriggerExitedGeofence(java.lang.Number,java.lang.Number) -> b
    24:31:java.lang.String toJson(java.util.Map) -> a
    36:43:java.util.Map fromJson(java.lang.String) -> a
    49:64:org.json.JSONObject mapToJsonObject(java.util.Map) -> b
    69:83:org.json.JSONArray listToJsonArray(java.lang.Iterable) -> a
    88:107:java.util.Map mapFromJson(org.json.JSONObject) -> a
    112:129:java.util.List listFromJson(org.json.JSONArray) -> a
com.leanplum.ActionArgs -> com.leanplum.ActionArgs:
    java.util.List args -> a
    24:25:com.leanplum.ActionArgs with(java.lang.String,java.lang.Object) -> with
    34:35:com.leanplum.ActionArgs withColor(java.lang.String,int) -> withColor
    45:46:com.leanplum.ActionArgs withFile(java.lang.String,java.lang.String) -> withFile
    57:58:com.leanplum.ActionArgs withAsset(java.lang.String,java.lang.String) -> withAsset
    67:68:com.leanplum.ActionArgs withAction(java.lang.String,java.lang.String) -> withAction
    72:72:java.util.List getValue() -> a
com.leanplum.ActionContext -> com.leanplum.ActionContext:
    java.lang.String name -> a
    java.lang.String messageId -> b
    java.util.Map args -> c
    com.leanplum.ActionContext parentContext -> d
    int contentVersion -> e
    java.lang.String key -> f
    boolean preventRealtimeUpdating -> g
    boolean isRooted -> h
    boolean isPreview -> i
    com.leanplum.ActionContext$ContextualValues contextualValues -> j
    54:55:void preventRealtimeUpdating() -> a
    58:59:void setIsRooted(boolean) -> a
    62:63:void setContextualValues(com.leanplum.ActionContext$ContextualValues) -> a
    68:72:java.util.Map getDefinition(java.lang.String) -> a
    81:85:java.util.Map defaultValues() -> f
    98:99:void update() -> b
    104:134:void updateArgs(java.util.Map,java.lang.String,java.util.Map) -> a
    137:137:java.lang.String actionName() -> actionName
    143:162:java.lang.Object objectNamed(java.lang.String) -> objectNamed
    167:175:java.lang.String stringNamed(java.lang.String) -> stringNamed
    219:233:java.io.InputStream streamNamed(java.lang.String) -> streamNamed
    238:246:boolean booleanNamed(java.lang.String) -> booleanNamed
    251:259:java.lang.Number numberNamed(java.lang.String) -> numberNamed
    265:273:java.util.Map getChildArgs(java.lang.String) -> b
    277:294:void runActionNamed(java.lang.String) -> runActionNamed
    298:334:void runTrackedActionNamed(java.lang.String) -> runTrackedActionNamed
    338:346:void track(java.lang.String,double,java.util.Map) -> track
    350:354:void muteFutureMessagesOfSameKind() -> muteFutureMessagesOfSameKind
    357:357:java.lang.String messageId() -> c
    361:361:java.util.Map args() -> d
    365:366:void setIsPreview(boolean) -> b
    369:369:boolean isPreview() -> e
com.leanplum.ActionContext$ContextualValues -> com.leanplum.e:
    java.util.Map parameters -> a
    java.lang.Object previousAttributeValue -> b
    java.lang.Object attributeValue -> c
com.leanplum.ActionManager -> com.leanplum.f:
    java.util.Map messageImpressionOccurrences -> b
    java.util.Map messageTriggerOccurrences -> c
    java.util.Map sessionOccurrences -> d
    com.leanplum.ActionManager instance -> e
    java.lang.String PUSH_NOTIFICATION_ACTION_NAME -> a
    boolean loggedLocationManagerFailure -> f
    54:57:com.leanplum.ActionManager instance() -> a
    63:86:com.leanplum.LocationManager getLocationManager() -> b
    257:269:java.util.Map getMessageImpressionOccurrences(java.lang.String) -> d
    289:299:int getMessageTriggerOccurrences(java.lang.String) -> e
    320:347:com.leanplum.ActionManager$MessageMatchResult shouldShowMessage(java.lang.String,java.util.Map,java.lang.String,java.lang.String,com.leanplum.ActionContext$ContextualValues) -> a
    451:504:boolean matchedTriggers(java.lang.Object,java.lang.String,java.lang.String,com.leanplum.ActionContext$ContextualValues) -> a
    508:511:void recordMessageTrigger(java.lang.String) -> a
    515:554:void recordMessageImpression(java.lang.String) -> b
    557:571:void muteFutureMessagesOfKind(java.lang.String) -> c
    576:593:void getForegroundandBackgroundRegionNames(java.util.Set,java.util.Set) -> a
    598:609:void addRegionNamesFromTriggersToSet(java.util.Map,java.util.Set) -> a
com.leanplum.ActionManager$1 -> com.leanplum.g:
    102:210:boolean onResponse(com.leanplum.ActionContext) -> onResponse
com.leanplum.ActionManager$2 -> com.leanplum.h:
    219:249:boolean onResponse(com.leanplum.ActionContext) -> onResponse
com.leanplum.ActionManager$MessageMatchResult -> com.leanplum.i:
    boolean matchedTrigger -> a
    boolean matchedUnlessTrigger -> b
    boolean matchedLimit -> c
com.leanplum.BuildConfig -> com.leanplum.BuildConfig:
    boolean DEBUG -> DEBUG
    java.lang.String APPLICATION_ID -> APPLICATION_ID
    java.lang.String BUILD_TYPE -> BUILD_TYPE
    java.lang.String FLAVOR -> FLAVOR
    int VERSION_CODE -> VERSION_CODE
    java.lang.String VERSION_NAME -> VERSION_NAME
com.leanplum.Constants -> com.leanplum.j:
    java.lang.String API_HOST_NAME -> a
    java.lang.String SOCKET_HOST -> b
    int SOCKET_PORT -> c
    boolean API_SSL -> d
    int NETWORK_TIMEOUT_SECONDS -> e
    int NETWORK_TIMEOUT_SECONDS_FOR_DOWNLOADS -> f
    java.lang.String LEANPLUM_VERSION -> g
    java.lang.String CLIENT -> h
    java.lang.String defaultDeviceId -> i
    boolean hashFilesToDetermineModifications -> j
    boolean isDevelopmentModeEnabled -> k
    boolean isTestMode -> l
    boolean enableVerboseLoggingInDevelopmentMode -> m
    boolean enableFileUploadingInDevelopmentMode -> n
    boolean canDownloadContentMidSessionInProduction -> o
    boolean isInPermanentFailureState -> p
    java.lang.String API_SERVLET -> q
    37:37:boolean isNoop() -> a
com.leanplum.FileManager -> com.leanplum.FileManager:
    com.leanplum.FileManager$ResourceUpdateCallback updateCallback -> c
    com.leanplum.Var resources -> a
    boolean hasInited -> d
    boolean initializing -> e
    java.lang.Object initializingLock -> b
    64:100:com.leanplum.FileManager$DownloadFileResult maybeDownloadFile(boolean,java.lang.String,java.lang.String,java.lang.Runnable) -> a
    106:135:com.leanplum.FileManager$HashResults fileMD5HashCreateWithPath(java.io.InputStream) -> a
    140:140:int getFileSize(java.lang.String) -> a
    144:144:boolean fileExistsAtPath(java.lang.String) -> d
    167:167:java.lang.String fileRelativeTo(java.lang.String,java.lang.String) -> a
    171:174:java.lang.String fileRelativeToAppBundle(java.lang.String) -> b
    178:178:java.lang.String fileRelativeToLPBundle(java.lang.String) -> e
    182:182:java.lang.String fileRelativeToDocuments(java.lang.String) -> c
    188:198:boolean isNewerLocally(java.util.Map,java.util.Map) -> a
    202:203:void setResourceSyncFinishBlock(com.leanplum.FileManager$ResourceUpdateCallback) -> a
    210:210:boolean initializing() -> a
    214:214:boolean isResourceSyncingEnabled() -> b
    219:297:void enableResourceSyncing(java.util.List,java.util.List) -> b
    301:313:java.util.List compilePatterns(java.util.List) -> a
    318:345:void enableResourceSyncing(java.util.List,java.util.List,boolean) -> a
    350:384:java.lang.String fileValue(java.lang.String,java.lang.String,java.lang.Boolean) -> a
    389:409:java.io.InputStream stream(boolean,java.lang.Boolean,java.lang.Boolean,java.lang.String,java.lang.String,byte[]) -> a
    33:33:void access$000(java.util.List,java.util.List) -> a
com.leanplum.FileManager$1 -> com.leanplum.k:
    java.lang.Runnable val$onComplete -> a
    82:85:void response(org.json.JSONObject) -> a
com.leanplum.FileManager$2 -> com.leanplum.l:
    java.lang.Runnable val$onComplete -> a
    90:93:void error$698b7e31() -> a
com.leanplum.FileManager$3 -> com.leanplum.m:
    java.util.List val$compiledIncludePatterns -> a
    java.util.List val$compiledExcludePatterns -> b
    332:336:java.lang.Void doInBackground$10299ca() -> a
    328:328:java.lang.Object doInBackground(java.lang.Object[]) -> doInBackground
com.leanplum.FileManager$DownloadFileResult -> com.leanplum.FileManager$DownloadFileResult:
    com.leanplum.FileManager$DownloadFileResult NONE -> NONE
    com.leanplum.FileManager$DownloadFileResult EXISTS_IN_ASSETS -> EXISTS_IN_ASSETS
    com.leanplum.FileManager$DownloadFileResult DOWNLOADING -> DOWNLOADING
    com.leanplum.FileManager$DownloadFileResult[] $VALUES -> a
    45:45:com.leanplum.FileManager$DownloadFileResult[] values() -> values
    45:45:com.leanplum.FileManager$DownloadFileResult valueOf(java.lang.String) -> valueOf
com.leanplum.FileManager$HashResults -> com.leanplum.n:
    java.lang.String hash -> a
    int size -> b
com.leanplum.FileManager$ResourceUpdateCallback -> com.leanplum.o:
    1088:1092:void onResourceSyncFinish() -> a
com.leanplum.HybiParser -> com.leanplum.p:
    com.leanplum.WebSocketClient mClient -> a
    boolean mMasking -> b
    int mStage -> c
    boolean mFinal -> d
    boolean mMasked -> e
    int mOpcode -> f
    int mLengthSize -> g
    int mLength -> h
    int mMode -> i
    byte[] mMask -> j
    byte[] mPayload -> k
    boolean mClosed -> l
    java.io.ByteArrayOutputStream mBuffer -> m
    java.util.List OPCODES -> n
    java.util.List FRAGMENTED_OPCODES -> o
    88:94:byte[] mask(byte[],byte[],int) -> a
    99:123:void start(com.leanplum.HybiParser$HappyDataInputStream) -> a
    168:168:byte[] frame(java.lang.String) -> a
    184:234:byte[] frame(java.lang.Object,int,int) -> a
    311:313:java.lang.String encode(byte[]) -> a
    319:321:byte[] decode(java.lang.String) -> b
com.leanplum.HybiParser$HappyDataInputStream -> com.leanplum.q:
    402:420:byte[] readBytes(int) -> a
com.leanplum.HybiParser$ProtocolError -> com.leanplum.r:
com.leanplum.Leanplum -> com.leanplum.Leanplum:
    int ACTION_KIND_MESSAGE -> ACTION_KIND_MESSAGE
    int ACTION_KIND_ACTION -> ACTION_KIND_ACTION
    java.lang.String PURCHASE_EVENT_NAME -> PURCHASE_EVENT_NAME
    java.util.ArrayList startHandlers -> d
    java.util.ArrayList startIssuedHandlers -> e
    java.util.ArrayList variablesChangedHandlers -> f
    java.util.ArrayList noDownloadsHandlers -> g
    java.util.ArrayList onceNoDownloadsHandlers -> h
    java.util.Map actionHandlers -> i
    com.leanplum.callbacks.RegisterDeviceCallback registerDeviceHandler -> j
    com.leanplum.callbacks.RegisterDeviceFinishedCallback registerDeviceFinishedHandler -> k
    com.leanplum.ActionManager actionManager -> l
    boolean calledStart -> a
    boolean issuedStart -> m
    boolean hasStarted -> n
    boolean startSuccessful -> o
    boolean hasStartedAndRegisteredAsDeveloper -> p
    boolean isPaused -> b
    com.leanplum.LeanplumDeviceIdMode deviceIdMode -> q
    java.lang.String customDeviceId -> r
    boolean userSpecifiedDeviceId -> s
    boolean initializedMessageTemplates -> t
    boolean startedInBackground -> c
    boolean inForeground -> u
    java.lang.Object inForegroundLock -> v
    java.util.concurrent.ScheduledExecutorService heartbeatExecutor -> w
    java.lang.Object heartbeatLock -> x
    android.content.Context context -> y
    java.util.Queue userAttributeChanges -> z
    java.lang.Runnable gcmStartCallback -> A
    132:135:void setApiConnectionSettings(java.lang.String,java.lang.String,boolean) -> setApiConnectionSettings
    143:145:void setSocketConnectionSettings(java.lang.String,int) -> setSocketConnectionSettings
    156:157:void setFileHashingEnabledInDevelopmentMode(boolean) -> setFileHashingEnabledInDevelopmentMode
    164:165:void setFileUploadingEnabledInDevelopmentMode(boolean) -> setFileUploadingEnabledInDevelopmentMode
    171:172:void enableVerboseLoggingInDevelopmentMode() -> enableVerboseLoggingInDevelopmentMode
    179:181:void setNetworkTimeout(int,int) -> setNetworkTimeout
    191:192:void setCanDownloadContentMidSessionInProductionMode(boolean) -> setCanDownloadContentMidSessionInProductionMode
    201:203:void setAppIdForDevelopmentMode(java.lang.String,java.lang.String) -> setAppIdForDevelopmentMode
    212:214:void setAppIdForProductionMode(java.lang.String,java.lang.String) -> setAppIdForProductionMode
    220:222:void setDeviceIdMode(com.leanplum.LeanplumDeviceIdMode) -> setDeviceIdMode
    229:231:void setDeviceId(java.lang.String) -> setDeviceId
    237:238:void setApplicationContext(android.content.Context) -> setApplicationContext
    244:250:android.content.Context getContext() -> getContext
    259:261:void setRegisterDeviceHandler(com.leanplum.callbacks.RegisterDeviceCallback,com.leanplum.callbacks.RegisterDeviceFinishedCallback) -> setRegisterDeviceHandler
    270:278:void syncResources() -> syncResources
    285:293:void syncResourcesAsync() -> syncResourcesAsync
    313:317:void syncResources(java.util.List,java.util.List) -> syncResources
    337:341:void syncResourcesAsync(java.util.List,java.util.List) -> syncResourcesAsync
    347:347:boolean isResourceSyncingEnabled() -> isResourceSyncingEnabled
    356:357:void start(android.content.Context) -> start
    365:366:void start(android.content.Context,com.leanplum.callbacks.StartCallback) -> start
    374:375:void start(android.content.Context,java.util.Map) -> start
    383:384:void start(android.content.Context,java.lang.String) -> start
    392:393:void start(android.content.Context,java.lang.String,com.leanplum.callbacks.StartCallback) -> start
    401:402:void start(android.content.Context,java.lang.String,java.util.Map) -> start
    411:412:void start(android.content.Context,java.lang.String,java.util.Map,com.leanplum.callbacks.StartCallback) -> start
    417:518:void start(android.content.Context,java.lang.String,java.util.Map,com.leanplum.callbacks.StartCallback,java.lang.Boolean) -> a
    804:816:void moveToForeground() -> m
    822:835:void reset() -> reset
    841:844:void setClient(java.lang.String,java.lang.String,java.lang.String) -> setClient
    851:856:void maybeThrowException(java.lang.RuntimeException) -> a
    867:902:java.util.Map validateAttributes(java.util.Map,java.lang.String,boolean) -> a
    906:911:boolean validateScalarValue(java.lang.Object,java.lang.String) -> a
    919:942:void pause() -> a
    945:946:void pauseInternal() -> n
    954:977:void resume() -> b
    980:990:void resumeInternal() -> o
    996:1007:void startHeartbeat() -> p
    1059:1059:boolean hasStarted() -> hasStarted
    1066:1066:com.leanplum.Newsfeed newsfeed() -> newsfeed
    1074:1074:boolean hasStartedAndRegisteredAsDeveloper() -> hasStartedAndRegisteredAsDeveloper
    1082:1097:void onHasStartedAndRegisteredAsDeveloper() -> c
    1101:1106:void onHasStartedAndRegisteredAsDeveloperAndFinishedSyncing() -> q
    1113:1121:void addStartResponseHandler(com.leanplum.callbacks.StartCallback) -> addStartResponseHandler
    1129:1131:void removeStartResponseHandler(com.leanplum.callbacks.StartCallback) -> removeStartResponseHandler
    1135:1141:void triggerStartResponse(boolean) -> a
    1145:1152:void addStartIssuedHandler(java.lang.Runnable) -> a
    1155:1161:void triggerStartIssued() -> r
    1170:1176:void addVariablesChangedHandler(com.leanplum.callbacks.VariablesChangedCallback) -> addVariablesChangedHandler
    1182:1184:void removeVariablesChangedHandler(com.leanplum.callbacks.VariablesChangedCallback) -> removeVariablesChangedHandler
    1188:1192:void triggerVariablesChanged() -> s
    1201:1208:void addVariablesChangedAndNoDownloadsPendingHandler(com.leanplum.callbacks.VariablesChangedCallback) -> addVariablesChangedAndNoDownloadsPendingHandler
    1215:1217:void removeVariablesChangedAndNoDownloadsPendingHandler(com.leanplum.callbacks.VariablesChangedCallback) -> removeVariablesChangedAndNoDownloadsPendingHandler
    1226:1232:void addOnceVariablesChangedAndNoDownloadsPendingHandler(com.leanplum.callbacks.VariablesChangedCallback) -> addOnceVariablesChangedAndNoDownloadsPendingHandler
    1241:1243:void removeOnceVariablesChangedAndNoDownloadsPendingHandler(com.leanplum.callbacks.VariablesChangedCallback) -> removeOnceVariablesChangedAndNoDownloadsPendingHandler
    1247:1257:void triggerVariablesChangedAndNoDownloadsPending() -> t
    1269:1270:void defineAction(java.lang.String,int,com.leanplum.ActionArgs) -> defineAction
    1288:1289:void defineAction(java.lang.String,int,com.leanplum.ActionArgs,com.leanplum.callbacks.ActionCallback) -> defineAction
    1294:1311:void defineAction(java.lang.String,int,com.leanplum.ActionArgs,java.util.Map,com.leanplum.callbacks.ActionCallback) -> a
    1319:1325:void onAction(java.lang.String,com.leanplum.callbacks.ActionCallback) -> onAction
    1328:1329:void triggerAction(com.leanplum.ActionContext) -> a
    1333:1358:void triggerAction(com.leanplum.ActionContext,com.leanplum.callbacks.VariablesChangedCallback) -> a
    1362:1363:void maybePerformActions(java.lang.String,java.lang.String,int,java.lang.String,com.leanplum.ActionContext$ContextualValues) -> a
    1368:1440:void maybePerformActions(java.lang.String[],java.lang.String,int,java.lang.String,com.leanplum.ActionContext$ContextualValues) -> a
    1461:1474:void performTrackedAction(java.lang.String,java.lang.String) -> a
    1480:1515:void setUserAttributes(java.lang.String,java.util.Map) -> setUserAttributes
    1519:1527:void setUserAttributesInternal(java.lang.String,java.util.HashMap) -> b
    1530:1552:void recordAttributeChanges() -> u
    1558:1559:void setUserId(java.lang.String) -> setUserId
    1565:1566:void setUserAttributes(java.util.Map) -> setUserAttributes
    1572:1591:void setGcmRegistrationId(java.lang.String) -> a
    1599:1627:void setTrafficSourceInfo(java.util.Map) -> setTrafficSourceInfo
    1630:1631:void setTrafficSourceInfoInternal(java.util.HashMap) -> b
    1652:1653:void track(java.lang.String,double,java.lang.String,java.util.Map) -> track
    1657:1686:void track(java.lang.String,double,java.lang.String,java.util.Map,java.util.Map) -> a
    1721:1738:void trackInternal(java.lang.String,java.util.Map,java.util.Map) -> c
    1750:1752:void trackGooglePlayPurchase(java.lang.String,long,java.lang.String,java.lang.String,java.lang.String) -> trackGooglePlayPurchase
    1765:1767:void trackGooglePlayPurchase(java.lang.String,long,java.lang.String,java.lang.String,java.lang.String,java.util.Map) -> trackGooglePlayPurchase
    1782:1796:void trackGooglePlayPurchase(java.lang.String,java.lang.String,long,java.lang.String,java.lang.String,java.lang.String,java.util.Map) -> trackGooglePlayPurchase
    1807:1808:void track(java.lang.String) -> track
    1822:1823:void track(java.lang.String,double) -> track
    1836:1837:void track(java.lang.String,java.lang.String) -> track
    1850:1851:void track(java.lang.String,java.util.Map) -> track
    1867:1868:void track(java.lang.String,double,java.util.Map) -> track
    1884:1885:void track(java.lang.String,double,java.lang.String) -> track
    1899:1935:void advanceTo(java.lang.String,java.lang.String,java.util.Map) -> advanceTo
    1945:1952:void advanceToInternal(java.lang.String,java.util.Map,java.util.Map) -> d
    1962:1963:void advanceTo(java.lang.String) -> advanceTo
    1975:1976:void advanceTo(java.lang.String,java.lang.String) -> advanceTo
    1988:1989:void advanceTo(java.lang.String,java.util.Map) -> advanceTo
    1997:2023:void pauseState() -> pauseState
    2026:2027:void pauseStateInternal() -> v
    2033:2059:void resumeState() -> resumeState
    2062:2063:void resumeStateInternal() -> w
    2071:2072:void forceContentUpdate() -> forceContentUpdate
    2083:2139:void forceContentUpdate(com.leanplum.callbacks.VariablesChangedCallback) -> forceContentUpdate
    2146:2147:void enableTestMode() -> enableTestMode
    2150:2150:boolean isTestModeEnabled() -> isTestModeEnabled
    2158:2159:void setIsTestModeEnabled(boolean) -> setIsTestModeEnabled
    2166:2166:java.lang.String pathForResource(java.lang.String) -> pathForResource
    2175:2175:java.lang.Object objectForKeyPath(java.lang.Object[]) -> objectForKeyPath
    2184:2184:java.lang.Object objectForKeyPathComponents(java.lang.Object[]) -> objectForKeyPathComponents
    2192:2196:java.util.List variants() -> variants
    47:47:void access$000() -> d
    47:47:void access$100() -> e
    47:47:void access$200(android.content.Context,java.lang.String,java.util.Map,boolean) -> a
    47:47:void access$300(org.json.JSONObject,java.util.List) -> a
    47:47:com.leanplum.callbacks.RegisterDeviceFinishedCallback access$400() -> f
    47:47:void access$500() -> g
    47:47:void access$600() -> h
    47:47:void access$800() -> i
    47:47:com.leanplum.ActionManager access$900() -> j
    47:47:void access$1000(java.lang.String,java.util.HashMap) -> a
    47:47:void access$1100(java.util.HashMap) -> a
    47:47:void access$1200(java.lang.String,java.util.Map,java.util.Map) -> a
    47:47:void access$1300(java.lang.String,java.util.Map,java.util.Map) -> b
    47:47:void access$1400() -> k
    47:47:void access$1500() -> l
com.leanplum.Leanplum$12 -> com.leanplum.s:
    com.leanplum.callbacks.ActionCallback val$callback -> a
    com.leanplum.ActionContext val$context -> b
    com.leanplum.callbacks.VariablesChangedCallback val$handledCallback -> c
    java.util.concurrent.atomic.AtomicBoolean val$handled -> d
    1350:1355:void run() -> run
com.leanplum.Leanplum$13 -> com.leanplum.t:
    java.lang.String val$messageId -> a
    1409:1415:void variablesChanged() -> variablesChanged
com.leanplum.Leanplum$14 -> com.leanplum.u:
    java.lang.String val$messageId -> a
    1431:1435:void variablesChanged() -> variablesChanged
com.leanplum.Leanplum$15 -> com.leanplum.v:
    java.lang.String val$userId -> a
    java.util.HashMap val$params -> b
    1505:1509:void run() -> run
com.leanplum.Leanplum$16 -> com.leanplum.w:
    java.lang.String val$registrationId -> a
    1578:1588:void run() -> run
com.leanplum.Leanplum$17 -> com.leanplum.x:
    java.util.HashMap val$params -> a
    1617:1621:void run() -> run
com.leanplum.Leanplum$18 -> com.leanplum.y:
    java.lang.String val$event -> a
    java.util.Map val$params -> b
    java.util.Map val$requestArgs -> c
    1704:1708:void run() -> run
com.leanplum.Leanplum$19 -> com.leanplum.z:
    java.lang.String val$state -> a
    java.util.Map val$validatedParams -> b
    java.util.Map val$requestParams -> c
    1925:1929:void run() -> run
com.leanplum.Leanplum$20 -> com.leanplum.A:
    2013:2017:void run() -> run
com.leanplum.Leanplum$21 -> com.leanplum.B:
    2049:2053:void run() -> run
com.leanplum.Leanplum$22 -> com.leanplum.C:
    com.leanplum.callbacks.VariablesChangedCallback val$callback -> a
    2098:2125:void response(org.json.JSONObject) -> a
com.leanplum.Leanplum$23 -> com.leanplum.D:
    com.leanplum.callbacks.VariablesChangedCallback val$callback -> a
    2130:2133:void error$698b7e31() -> a
com.leanplum.Leanplum$3 -> com.leanplum.E:
    android.content.Context val$context -> a
    java.lang.String val$userId -> b
    java.util.Map val$validAttributes -> c
    boolean val$actuallyInBackground -> d
    508:512:java.lang.Void doInBackground$10299ca() -> a
    504:504:java.lang.Object doInBackground(java.lang.Object[]) -> doInBackground
com.leanplum.Leanplum$5 -> com.leanplum.F:
    709:730:void onResponse(java.lang.String) -> onResponse
com.leanplum.Leanplum$5$1 -> com.leanplum.G:
    713:724:void onResponse(boolean) -> onResponse
com.leanplum.Leanplum$6 -> com.leanplum.H:
    android.content.Context val$currentContext -> a
    741:756:void run() -> run
com.leanplum.Leanplum$7 -> com.leanplum.I:
    935:939:void run() -> run
com.leanplum.Leanplum$8 -> com.leanplum.J:
    970:974:void run() -> run
com.leanplum.Leanplum$9 -> com.leanplum.K:
    1001:1005:void run() -> run
com.leanplum.Leanplum$OsHandler -> com.leanplum.L:
    com.leanplum.Leanplum$OsHandler instance -> a
    android.os.Handler handler -> b
    108:108:java.lang.Boolean post(java.lang.Runnable) -> a
    112:112:java.lang.Boolean postDelayed(java.lang.Runnable,long) -> a
    116:119:com.leanplum.Leanplum$OsHandler getInstance() -> a
com.leanplum.LeanplumActivityHelper -> com.leanplum.LeanplumActivityHelper:
    boolean isActivityPaused -> a
    boolean registeredCallbacks -> c
    android.app.Activity currentActivity -> b
    android.app.Activity activity -> d
    com.leanplum.LeanplumResources res -> e
    com.leanplum.LeanplumInflater inflater -> f
    java.util.Queue pendingActions -> g
    56:56:android.app.Activity getCurrentActivity() -> getCurrentActivity
    63:101:void enableLifecycleCallbacks(android.app.Application) -> enableLifecycleCallbacks
    104:104:com.leanplum.LeanplumResources getLeanplumResources() -> getLeanplumResources
    108:118:com.leanplum.LeanplumResources getLeanplumResources(android.content.res.Resources) -> getLeanplumResources
    125:129:void setContentView(int) -> setContentView
    140:146:void onPause() -> onPause
    149:159:void onResume(android.app.Activity) -> d
    166:172:void onResume() -> onResume
    182:193:void onStop(android.app.Activity) -> e
    200:206:void onStop() -> onStop
    214:224:void queueActionUponActive(com.leanplum.callbacks.VariablesChangedCallback) -> queueActionUponActive
    25:25:void access$000(android.app.Activity) -> a
    25:25:void access$100(android.app.Activity) -> b
    25:25:void access$200(android.app.Activity) -> c
com.leanplum.LeanplumActivityHelper$1 -> com.leanplum.M:
    71:75:void onActivityStopped(android.app.Activity) -> onActivityStopped
    80:84:void onActivityResumed(android.app.Activity) -> onActivityResumed
    89:93:void onActivityPaused(android.app.Activity) -> onActivityPaused
    95:95:void onActivityStarted(android.app.Activity) -> onActivityStarted
    96:96:void onActivitySaveInstanceState(android.app.Activity,android.os.Bundle) -> onActivitySaveInstanceState
    97:97:void onActivityDestroyed(android.app.Activity) -> onActivityDestroyed
    98:98:void onActivityCreated(android.app.Activity,android.os.Bundle) -> onActivityCreated
com.leanplum.LeanplumApplication -> com.leanplum.LeanplumApplication:
    com.leanplum.LeanplumApplication instance -> a
    19:19:com.leanplum.LeanplumApplication getInstance() -> getInstance
    23:23:android.content.Context getContext() -> getContext
    28:32:void onCreate() -> onCreate
    36:39:android.content.res.Resources getResources() -> getResources
com.leanplum.LeanplumCompatibility -> com.leanplum.LeanplumCompatibility:
    java.lang.String TYPE -> TYPE
    java.lang.String EVENT_CATEGORY -> EVENT_CATEGORY
    java.lang.String EVENT_ACTION -> EVENT_ACTION
    java.lang.String EVENT_LABEL -> EVENT_LABEL
    java.lang.String EVENT_VALUE -> EVENT_VALUE
    java.lang.String EXCEPTION_DESCRIPTION -> EXCEPTION_DESCRIPTION
    java.lang.String TRANSACTION_AFFILIATION -> TRANSACTION_AFFILIATION
    java.lang.String ITEM_NAME -> ITEM_NAME
    java.lang.String ITEM_CATEGORY -> ITEM_CATEGORY
    java.lang.String SOCIAL_NETWORK -> SOCIAL_NETWORK
    java.lang.String SOCIAL_ACTION -> SOCIAL_ACTION
    java.lang.String SOCIAL_TARGET -> SOCIAL_TARGET
    java.lang.String TIMING_NAME -> TIMING_NAME
    java.lang.String TIMING_CATEGORY -> TIMING_CATEGORY
    java.lang.String TIMING_LABEL -> TIMING_LABEL
    java.lang.String TIMING_VALUE -> TIMING_VALUE
    java.lang.String CAMPAIGN_SOURCE -> CAMPAIGN_SOURCE
    java.lang.String CAMPAIGN_NAME -> CAMPAIGN_NAME
    java.lang.String CAMPAIGN_MEDUIM -> CAMPAIGN_MEDUIM
    java.lang.String CAMPAIGN_CONTENT -> CAMPAIGN_CONTENT
    44:45:void fTrack(java.lang.String) -> fTrack
    51:56:void fTrack(java.lang.String,boolean) -> fTrack
    62:63:void fTrack(java.lang.String,java.util.HashMap) -> fTrack
    70:75:void fTrack(java.lang.String,java.util.HashMap,boolean) -> fTrack
    81:85:void fTrack(java.lang.String,java.lang.String,java.lang.String) -> fTrack
    92:171:void gaTrack(java.util.Map) -> gaTrack
    175:182:java.lang.String getEventName(java.util.HashMap,java.util.List) -> a
com.leanplum.LeanplumDeviceIdMode -> com.leanplum.LeanplumDeviceIdMode:
    com.leanplum.LeanplumDeviceIdMode MD5_MAC_ADDRESS -> MD5_MAC_ADDRESS
    com.leanplum.LeanplumDeviceIdMode ANDROID_ID -> ANDROID_ID
    com.leanplum.LeanplumDeviceIdMode ADVERTISING_ID -> ADVERTISING_ID
    com.leanplum.LeanplumDeviceIdMode[] $VALUES -> a
    10:10:com.leanplum.LeanplumDeviceIdMode[] values() -> values
    10:10:com.leanplum.LeanplumDeviceIdMode valueOf(java.lang.String) -> valueOf
com.leanplum.LeanplumException -> com.leanplum.LeanplumException:
com.leanplum.LeanplumInflater -> com.leanplum.LeanplumInflater:
    android.content.Context context -> a
    com.leanplum.LeanplumResources res -> b
    26:26:com.leanplum.LeanplumInflater from(android.content.Context) -> from
    34:34:com.leanplum.LeanplumResources getLeanplumResources() -> getLeanplumResources
    38:48:com.leanplum.LeanplumResources getLeanplumResources(android.content.res.Resources) -> getLeanplumResources
    55:55:android.view.View inflate(int) -> inflate
    62:62:android.view.View inflate(int,android.view.ViewGroup) -> inflate
    69:113:android.view.View inflate(int,android.view.ViewGroup,boolean) -> inflate
com.leanplum.LeanplumLocalPushListenerService -> com.leanplum.LeanplumLocalPushListenerService:
    23:34:void onHandleIntent(android.content.Intent) -> onHandleIntent
com.leanplum.LeanplumPushInstanceIDService -> com.leanplum.LeanplumPushInstanceIDService:
    24:28:void onTokenRefresh() -> onTokenRefresh
com.leanplum.LeanplumPushListenerService -> com.leanplum.LeanplumPushListenerService:
    36:43:void onMessageReceived(java.lang.String,android.os.Bundle) -> onMessageReceived
com.leanplum.LeanplumPushNotificationCustomizer -> com.leanplum.LeanplumPushNotificationCustomizer:
    void customize(android.support.v4.app.NotificationCompat$Builder,android.os.Bundle) -> customize
com.leanplum.LeanplumPushReceiver -> com.leanplum.LeanplumPushReceiver:
    30:38:void onReceive(android.content.Context,android.content.Intent) -> onReceive
com.leanplum.LeanplumPushRegistrationService -> com.leanplum.LeanplumPushRegistrationService:
    java.lang.String existingRegistrationId -> a
    37:89:void onHandleIntent(android.content.Intent) -> onHandleIntent
    20:20:java.lang.String access$000() -> a
    20:20:java.lang.String access$002(java.lang.String) -> a
com.leanplum.LeanplumPushRegistrationService$1 -> com.leanplum.N:
    com.leanplum.LeanplumPushRegistrationService this$0 -> a
    41:80:void run() -> run
com.leanplum.LeanplumPushService -> com.leanplum.LeanplumPushService:
    java.lang.String LEANPLUM_SENDER_ID -> LEANPLUM_SENDER_ID
    java.lang.Class callbackClass -> a
    java.lang.String gcmSenderIds -> b
    java.lang.String gcmRegistrationId -> c
    com.leanplum.LeanplumPushNotificationCustomizer customizer -> d
    77:78:void setDefaultCallbackClass(java.lang.Class) -> setDefaultCallbackClass
    86:87:void setCustomizer(com.leanplum.LeanplumPushNotificationCustomizer) -> setCustomizer
    96:97:void setGcmSenderId(java.lang.String) -> setGcmSenderId
    105:113:void setGcmSenderIds(java.lang.String[]) -> setGcmSenderIds
    120:120:boolean areActionsEmbedded(android.os.Bundle) -> a
    125:186:void requireMessageContent(java.lang.String,com.leanplum.callbacks.VariablesChangedCallback) -> a
    189:202:java.lang.String getMessageId(android.os.Bundle) -> b
    206:228:void handleNotification(android.content.Context,android.os.Bundle) -> a
    234:278:void showNotification(android.content.Context,android.os.Bundle) -> c
    281:349:void openNotification(android.content.Context,android.os.Bundle) -> b
    362:362:java.lang.String getGcmSenderIds() -> a
    404:409:int getAppVersion(android.content.Context) -> a
    428:436:void unregister() -> unregister
    455:456:void setGcmRegistrationId(java.lang.String) -> setGcmRegistrationId
    459:466:void onRegistrationIdReceived(android.content.Context,java.lang.String) -> a
    506:514:void onStart() -> b
    553:571:boolean checkPermission(java.lang.String,boolean,boolean) -> a
    588:625:boolean checkComponent(com.leanplum.LeanplumPushService$ApplicationComponent,java.lang.String,boolean,java.lang.String,java.util.List,java.lang.String) -> a
    630:651:java.lang.String getComponentError(com.leanplum.LeanplumPushService$ApplicationComponent,java.lang.String,boolean,java.lang.String,java.util.List,java.lang.String) -> b
com.leanplum.LeanplumPushService$1 -> com.leanplum.O:
    java.lang.String val$messageId -> b
    com.leanplum.callbacks.VariablesChangedCallback val$onComplete -> a
    129:184:void variablesChanged() -> variablesChanged
com.leanplum.LeanplumPushService$1$1 -> com.leanplum.P:
    com.leanplum.LeanplumPushService$1 this$0 -> a
    143:171:void response(org.json.JSONObject) -> a
com.leanplum.LeanplumPushService$1$2 -> com.leanplum.Q:
    com.leanplum.LeanplumPushService$1 this$0 -> a
    176:177:void error$698b7e31() -> a
com.leanplum.LeanplumPushService$2 -> com.leanplum.R:
    android.os.Bundle val$notification -> a
    308:347:void variablesChanged() -> variablesChanged
com.leanplum.LeanplumPushService$2$1 -> com.leanplum.S:
    java.lang.String val$messageId -> a
    327:340:void variablesChanged() -> variablesChanged
com.leanplum.LeanplumPushService$2$1$1 -> com.leanplum.T:
    com.leanplum.LeanplumPushService$2$1 this$1 -> a
    331:335:void variablesChanged() -> variablesChanged
com.leanplum.LeanplumPushService$ApplicationComponent -> com.leanplum.U:
    com.leanplum.LeanplumPushService$ApplicationComponent SERVICE -> a
    com.leanplum.LeanplumPushService$ApplicationComponent RECEIVER -> b
    com.leanplum.LeanplumPushService$ApplicationComponent[] $VALUES -> c
    67:67:com.leanplum.LeanplumPushService$ApplicationComponent[] values() -> values
    67:67:com.leanplum.LeanplumPushService$ApplicationComponent valueOf(java.lang.String) -> valueOf
com.leanplum.LeanplumRequest -> com.leanplum.V:
    long DEVELOPMENT_MAX_DELAY_MS -> a
    java.lang.String appId -> b
    java.lang.String accessKey -> c
    java.lang.String deviceId -> d
    java.lang.String userId -> e
    java.util.Map fileTransferStatus -> f
    int pendingDownloads -> g
    com.leanplum.LeanplumRequest$NoPendingDownloadsCallback noPendingDownloadsBlock -> h
    java.lang.String token -> i
    java.lang.Object lock -> j
    java.util.Map fileUploadSize -> k
    java.util.Map fileUploadProgress -> l
    java.lang.String fileUploadProgressString -> m
    long lastSendTimeMs -> n
    java.lang.Object uploadFileLock -> o
    java.lang.String httpMethod -> p
    java.lang.String apiMethod -> q
    java.util.Map params -> r
    com.leanplum.LeanplumRequest$ResponseCallback response -> s
    com.leanplum.LeanplumRequest$ErrorCallback error -> t
    boolean sent -> u
    com.leanplum.LeanplumRequest$ApiResponseCallback apiResponse -> v
    61:63:void setAppId(java.lang.String,java.lang.String) -> a
    66:67:void setDeviceId(java.lang.String) -> a
    70:71:void setUserId(java.lang.String) -> b
    74:75:void setToken(java.lang.String) -> c
    78:78:java.lang.String token() -> a
    82:90:void loadToken() -> b
    93:103:void saveToken() -> c
    106:106:java.lang.String appId() -> d
    110:110:java.lang.String deviceId() -> e
    114:114:java.lang.String userId() -> f
    136:136:com.leanplum.LeanplumRequest get(java.lang.String,java.util.Map) -> a
    140:140:com.leanplum.LeanplumRequest post(java.lang.String,java.util.Map) -> b
    144:145:void onResponse(com.leanplum.LeanplumRequest$ResponseCallback) -> a
    148:149:void onError(com.leanplum.LeanplumRequest$ErrorCallback) -> a
    152:153:void onApiResponse(com.leanplum.LeanplumRequest$ApiResponseCallback) -> a
    156:167:java.util.Map createArgsDictionary() -> p
    171:186:void saveRequestForLater(java.util.Map) -> a
    190:210:void send() -> g
    217:228:void sendIfDelayed() -> h
    234:242:void sendIfDelayedHelper() -> i
    245:254:void sendIfConnected() -> j
    257:266:boolean attachApiKeys(java.util.Map) -> b
    420:428:void sendEventually() -> k
    431:465:java.util.List popUnsentRequests() -> q
    475:486:void pushUnsentRequests(java.util.List) -> a
    489:494:java.lang.String getSizeAsString(int) -> a
    499:519:void printUploadProgress() -> r
    522:630:void sendFilesNow(java.util.List,java.util.List) -> a
    633:660:void downloadFile(java.lang.String) -> d
    664:718:void downloadHelper(java.lang.String,java.lang.String,java.lang.String,java.util.Map) -> a
    721:721:int numPendingDownloads() -> l
    725:726:void onNoPendingDownloads(com.leanplum.LeanplumRequest$NoPendingDownloadsCallback) -> a
    730:737:int numResponses(org.json.JSONObject) -> a
    743:746:org.json.JSONObject getResponseAt(org.json.JSONObject,int) -> a
    751:755:org.json.JSONObject getLastResponse(org.json.JSONObject) -> b
    760:767:boolean isResponseSuccess(org.json.JSONObject) -> c
    772:783:java.lang.String getResponseError(org.json.JSONObject) -> d
    37:37:java.lang.String access$000(com.leanplum.LeanplumRequest) -> a
    37:37:void access$100(com.leanplum.LeanplumRequest,org.json.JSONObject,java.util.List,java.lang.Exception) -> a
    37:37:java.lang.Object access$200() -> m
    37:37:com.leanplum.LeanplumRequest$ResponseCallback access$300(com.leanplum.LeanplumRequest) -> b
    37:37:com.leanplum.LeanplumRequest$ErrorCallback access$400(com.leanplum.LeanplumRequest) -> c
    37:37:java.util.Map access$500() -> n
    37:37:void access$600() -> o
    37:37:void access$700(com.leanplum.LeanplumRequest,java.lang.String,java.lang.String,java.lang.String,java.util.Map) -> a
com.leanplum.LeanplumRequest$1 -> com.leanplum.W:
    com.leanplum.LeanplumRequest this$0 -> a
    203:207:void run() -> run
com.leanplum.LeanplumRequest$2 -> com.leanplum.X:
    com.leanplum.LeanplumRequest this$0 -> a
    222:226:void run() -> run
com.leanplum.LeanplumRequest$3 -> com.leanplum.Y:
    java.util.Map val$multiRequestArgs -> a
    java.util.List val$requestsToSend -> b
    com.leanplum.LeanplumRequest this$0 -> c
    366:414:java.lang.Void doInBackground$10299ca() -> a
    363:363:java.lang.Object doInBackground(java.lang.Object[]) -> doInBackground
com.leanplum.LeanplumRequest$4 -> com.leanplum.Z:
    java.util.List val$filesToUpload -> a
    java.util.List val$streams -> b
    java.util.Map val$dict -> c
    com.leanplum.LeanplumRequest this$0 -> d
    563:625:java.lang.Void doInBackground$10299ca() -> a
    560:560:java.lang.Object doInBackground(java.lang.Object[]) -> doInBackground
com.leanplum.LeanplumRequest$5 -> com.leanplum.aa:
    java.lang.String val$path -> a
    java.util.Map val$dict -> b
    com.leanplum.LeanplumRequest this$0 -> c
    652:656:java.lang.Void doInBackground$10299ca() -> a
    648:648:java.lang.Object doInBackground(java.lang.Object[]) -> doInBackground
com.leanplum.LeanplumRequest$ApiResponseCallback -> com.leanplum.ab:
    595:596:void response(java.util.List,org.json.JSONObject) -> a
com.leanplum.LeanplumRequest$ErrorCallback -> com.leanplum.ac:
    void error$698b7e31() -> a
com.leanplum.LeanplumRequest$NoPendingDownloadsCallback -> com.leanplum.ad:
    499:500:void noPendingDownloads() -> a
com.leanplum.LeanplumRequest$ResponseCallback -> com.leanplum.ae:
    void response(org.json.JSONObject) -> a
com.leanplum.LeanplumResources -> com.leanplum.LeanplumResources:
    29:114:com.leanplum.Var getOverrideResource(int) -> a
    120:136:android.graphics.drawable.Drawable getDrawable(int) -> getDrawable
com.leanplum.LeanplumSocket -> com.leanplum.af:
    com.leanplum.SocketIOClient sio -> a
    boolean authSent -> b
    java.util.Timer reconnectTimer -> c
    boolean connected -> d
    boolean connecting -> e
    157:159:void connect() -> a
    29:29:boolean access$002(com.leanplum.LeanplumSocket,boolean) -> a
    29:29:boolean access$102(com.leanplum.LeanplumSocket,boolean) -> b
    29:29:boolean access$202(com.leanplum.LeanplumSocket,boolean) -> c
    29:29:boolean access$200(com.leanplum.LeanplumSocket) -> a
    29:29:com.leanplum.SocketIOClient access$300(com.leanplum.LeanplumSocket) -> b
    29:29:void access$400(com.leanplum.LeanplumSocket) -> c
com.leanplum.LeanplumSocket$1$1 -> com.leanplum.ag:
    java.lang.String val$email -> a
    118:131:void run() -> run
com.leanplum.LeanplumSocket$1$1$1 -> com.leanplum.ah:
    com.leanplum.LeanplumSocket$1$1 this$2 -> a
    121:129:void variablesChanged() -> variablesChanged
com.leanplum.LeanplumSocket$1$1$1$1 -> com.leanplum.ai:
    126:126:void onClick(android.content.DialogInterface,int) -> onClick
com.leanplum.LeanplumSocket$2 -> com.leanplum.aj:
    com.leanplum.LeanplumSocket this$0 -> a
    148:152:void run() -> run
com.leanplum.LocationManager -> com.leanplum.ak:
    void updateGeofencing() -> updateGeofencing
    void setRegionsData(java.util.Map,java.util.Set,java.util.Set) -> setRegionsData
com.leanplum.LocationManagerImpl -> com.leanplum.LocationManagerImpl:
    java.util.Map lastKnownState -> lastKnownState
    java.util.Map stateBeforeBackground -> stateBeforeBackground
    java.util.List allGeofences -> allGeofences
    java.util.List backgroundGeofences -> backgroundGeofences
    java.util.List trackedGeofenceIds -> trackedGeofenceIds
    boolean isInBackground -> isInBackground
    java.lang.String PERMISSION -> PERMISSION
    java.lang.String METADATA -> METADATA
    com.google.android.gms.common.api.GoogleApiClient googleApiClient -> googleApiClient
    com.leanplum.LocationManagerImpl instance -> instance
    64:67:com.leanplum.LocationManager instance() -> instance
    79:105:void setRegionsData(java.util.Map,java.util.Set,java.util.Set) -> setRegionsData
    108:111:void updateGeofencing() -> updateGeofencing
    114:126:void loadLastKnownRegionState() -> loadLastKnownRegionState
    129:142:void saveLastKnownRegionState() -> saveLastKnownRegionState
    145:159:com.google.android.gms.location.Geofence geofenceFromMap(java.util.Map,java.lang.String) -> geofenceFromMap
    163:163:java.lang.String geofenceID(java.lang.String,java.lang.Integer) -> geofenceID
    167:185:void startLocationClient() -> startLocationClient
    188:189:boolean isPermissionGranted() -> isPermissionGranted
    193:207:boolean isMetaDataSet() -> isMetaDataSet
    212:256:void updateTrackedGeofences() -> updateTrackedGeofences
    259:262:java.util.List getToBeTrackedGeofences() -> getToBeTrackedGeofences
    267:292:void updateStatusForGeofences(java.util.List,int) -> updateStatusForGeofences
    295:302:void maybePerformActions(com.google.android.gms.location.Geofence,java.lang.String) -> maybePerformActions
    305:309:int getStatusForTransitionType(int) -> getStatusForTransitionType
    314:317:java.lang.String getRegionName(java.lang.String) -> getRegionName
    321:323:android.app.PendingIntent getTransitionPendingIntent() -> getTransitionPendingIntent
    329:333:void onConnected(android.os.Bundle) -> onConnected
    340:340:void onConnectionSuspended(int) -> onConnectionSuspended
    344:347:void onConnectionFailed(com.google.android.gms.common.ConnectionResult) -> onConnectionFailed
com.leanplum.Newsfeed -> com.leanplum.Newsfeed:
    com.leanplum.Newsfeed instance -> a
    int unreadCount -> b
    java.util.Map messages -> c
    boolean didLoad -> d
    java.util.List newsfeedChangedHandlers -> e
    java.lang.Object updatingLock -> f
    51:51:com.leanplum.Newsfeed getInstance() -> a
    55:58:void updateUnreadCount(int) -> a
    62:76:void updateNewsfeed(java.util.Map,int,boolean) -> a
    79:95:void removeMessage(java.lang.String) -> a
    98:102:void triggerNewsfeedChanged() -> e
    107:137:void load() -> b
    140:165:void save() -> f
    168:221:void downloadMessages() -> c
    227:227:int count() -> count
    234:234:int unreadCount() -> unreadCount
    243:256:java.util.List messagesIds() -> messagesIds
    264:272:java.util.List allMessages() -> allMessages
    280:287:java.util.List unreadMessages() -> unreadMessages
    294:294:com.leanplum.NewsfeedMessage messageForId(java.lang.String) -> messageForId
    301:307:void addNewsfeedChangedHandler(com.leanplum.callbacks.NewsfeedChangedCallback) -> addNewsfeedChangedHandler
    313:315:void removeNewsfeedChangedHandler(com.leanplum.callbacks.NewsfeedChangedCallback) -> removeNewsfeedChangedHandler
    319:323:void reset() -> d
com.leanplum.Newsfeed$1 -> com.leanplum.al:
    com.leanplum.Newsfeed this$0 -> a
    177:218:void response(org.json.JSONObject) -> a
com.leanplum.Newsfeed$2 -> com.leanplum.am:
    com.leanplum.Newsfeed this$0 -> a
    245:245:int compare(java.lang.Object,java.lang.Object) -> compare
com.leanplum.NewsfeedMessage -> com.leanplum.NewsfeedMessage:
    java.lang.String messageId -> a
    java.lang.Long deliveryTimestamp -> b
    java.lang.Long expirationTimestamp -> c
    boolean isRead -> d
    com.leanplum.ActionContext context -> e
    34:44:com.leanplum.NewsfeedMessage constructNewsfeedMessage(java.lang.String,java.lang.Long,java.lang.Long,boolean,java.util.Map) -> a
    48:53:java.util.Map toJsonMap() -> a
    58:58:com.leanplum.NewsfeedMessage createFromJsonMap(java.lang.String,java.util.Map) -> a
    74:79:boolean isActive() -> b
    90:90:java.lang.String messageId() -> messageId
    97:97:java.lang.String title() -> title
    104:104:java.lang.String subtitle() -> subtitle
    111:111:java.util.Date deliveryTimestamp() -> deliveryTimestamp
    118:121:java.util.Date expirationTimestamp() -> expirationTimestamp
    128:128:boolean isRead() -> isRead
    136:156:void read() -> read
    163:167:void remove() -> remove
com.leanplum.ReceiveTransitionsIntentService -> com.leanplum.ReceiveTransitionsIntentService:
    28:47:void onHandleIntent(android.content.Intent) -> onHandleIntent
com.leanplum.Registration$1 -> com.leanplum.an:
    com.leanplum.callbacks.StartCallback val$callback -> a
    23:44:void response(org.json.JSONObject) -> a
com.leanplum.Registration$1$1 -> com.leanplum.ao:
    org.json.JSONObject val$response -> a
    com.leanplum.Registration$1 this$0 -> b
    27:42:void run() -> run
com.leanplum.Registration$2 -> com.leanplum.ap:
    com.leanplum.callbacks.StartCallback val$callback -> a
    49:57:void error$698b7e31() -> a
com.leanplum.Registration$2$1 -> com.leanplum.aq:
    com.leanplum.Registration$2 this$0 -> a
    52:55:void run() -> run
com.leanplum.RequestFactory -> com.leanplum.ar:
    com.leanplum.RequestFactory defaultFactory -> a
    11:14:com.leanplum.RequestFactory getInstance() -> a
    19:19:com.leanplum.LeanplumRequest createRequest(java.lang.String,java.lang.String,java.util.Map) -> a
com.leanplum.ResourceQualifiers -> com.leanplum.as:
    java.util.Map qualifiers -> a
    478:493:com.leanplum.ResourceQualifiers fromFolder(java.lang.String) -> a
com.leanplum.ResourceQualifiers$Qualifier -> com.leanplum.at:
    com.leanplum.ResourceQualifiers$Qualifier MCC -> a
    com.leanplum.ResourceQualifiers$Qualifier MNC -> b
    com.leanplum.ResourceQualifiers$Qualifier LANGUAGE -> c
    com.leanplum.ResourceQualifiers$Qualifier REGION -> d
    com.leanplum.ResourceQualifiers$Qualifier LAYOUT_DIRECTION -> e
    com.leanplum.ResourceQualifiers$Qualifier SMALLEST_WIDTH -> f
    com.leanplum.ResourceQualifiers$Qualifier AVAILABLE_WIDTH -> g
    com.leanplum.ResourceQualifiers$Qualifier AVAILABLE_HEIGHT -> h
    com.leanplum.ResourceQualifiers$Qualifier SCREEN_SIZE -> i
    com.leanplum.ResourceQualifiers$Qualifier SCREEN_ASPECT -> j
    com.leanplum.ResourceQualifiers$Qualifier SCREEN_ORIENTATION -> k
    com.leanplum.ResourceQualifiers$Qualifier UI_MODE -> l
    com.leanplum.ResourceQualifiers$Qualifier NIGHT_MODE -> m
    com.leanplum.ResourceQualifiers$Qualifier SCREEN_PIXEL_DENSITY -> n
    com.leanplum.ResourceQualifiers$Qualifier TOUCHSCREEN_TYPE -> o
    com.leanplum.ResourceQualifiers$Qualifier KEYBOARD_AVAILABILITY -> p
    com.leanplum.ResourceQualifiers$Qualifier PRIMARY_TEXT_INPUTMETHOD -> q
    com.leanplum.ResourceQualifiers$Qualifier NAVIGATION_KEY_AVAILABILITY -> r
    com.leanplum.ResourceQualifiers$Qualifier PRIMARY_NON_TOUCH_NAVIGATION_METHOD -> s
    com.leanplum.ResourceQualifiers$Qualifier PLATFORM_VERSION -> t
    com.leanplum.ResourceQualifiers$QualifierFilter filter -> u
    com.leanplum.ResourceQualifiers$Qualifier[] $VALUES -> v
    26:26:com.leanplum.ResourceQualifiers$Qualifier[] values() -> values
    26:26:com.leanplum.ResourceQualifiers$Qualifier valueOf(java.lang.String) -> valueOf
    471:471:com.leanplum.ResourceQualifiers$QualifierFilter getFilter() -> a
com.leanplum.ResourceQualifiers$Qualifier$1 -> com.leanplum.au:
    30:33:java.lang.Object getMatch(java.lang.String) -> a
    37:37:boolean isMatch$25e29dd8(java.lang.Object,android.content.res.Configuration) -> a
com.leanplum.ResourceQualifiers$Qualifier$10 -> com.leanplum.av:
    244:249:java.lang.Object getMatch(java.lang.String) -> a
    253:253:boolean isMatch$25e29dd8(java.lang.Object,android.content.res.Configuration) -> a
com.leanplum.ResourceQualifiers$Qualifier$11 -> com.leanplum.aw:
    259:264:java.lang.Object getMatch(java.lang.String) -> a
    268:268:boolean isMatch$25e29dd8(java.lang.Object,android.content.res.Configuration) -> a
com.leanplum.ResourceQualifiers$Qualifier$12 -> com.leanplum.ax:
    276:285:java.lang.Object getMatch(java.lang.String) -> a
    289:289:boolean isMatch$25e29dd8(java.lang.Object,android.content.res.Configuration) -> a
com.leanplum.ResourceQualifiers$Qualifier$13 -> com.leanplum.ay:
    295:300:java.lang.Object getMatch(java.lang.String) -> a
    304:304:boolean isMatch$25e29dd8(java.lang.Object,android.content.res.Configuration) -> a
com.leanplum.ResourceQualifiers$Qualifier$14 -> com.leanplum.az:
    313:328:java.lang.Object getMatch(java.lang.String) -> a
    332:332:boolean isMatch$25e29dd8(java.lang.Object,android.content.res.Configuration) -> a
    336:361:java.util.Map bestMatch$45308dd8(java.util.Map,android.util.DisplayMetrics) -> a
com.leanplum.ResourceQualifiers$Qualifier$15 -> com.leanplum.aA:
    367:372:java.lang.Object getMatch(java.lang.String) -> a
    376:376:boolean isMatch$25e29dd8(java.lang.Object,android.content.res.Configuration) -> a
com.leanplum.ResourceQualifiers$Qualifier$16 -> com.leanplum.aB:
    382:389:java.lang.Object getMatch(java.lang.String) -> a
    393:396:boolean isMatch$25e29dd8(java.lang.Object,android.content.res.Configuration) -> a
com.leanplum.ResourceQualifiers$Qualifier$17 -> com.leanplum.aC:
    402:409:java.lang.Object getMatch(java.lang.String) -> a
    413:413:boolean isMatch$25e29dd8(java.lang.Object,android.content.res.Configuration) -> a
com.leanplum.ResourceQualifiers$Qualifier$18 -> com.leanplum.aD:
    419:424:java.lang.Object getMatch(java.lang.String) -> a
    428:428:boolean isMatch$25e29dd8(java.lang.Object,android.content.res.Configuration) -> a
com.leanplum.ResourceQualifiers$Qualifier$19 -> com.leanplum.aE:
    434:443:java.lang.Object getMatch(java.lang.String) -> a
    447:447:boolean isMatch$25e29dd8(java.lang.Object,android.content.res.Configuration) -> a
com.leanplum.ResourceQualifiers$Qualifier$2 -> com.leanplum.aF:
    43:46:java.lang.Object getMatch(java.lang.String) -> a
    50:50:boolean isMatch$25e29dd8(java.lang.Object,android.content.res.Configuration) -> a
com.leanplum.ResourceQualifiers$Qualifier$20 -> com.leanplum.aG:
    453:456:java.lang.Object getMatch(java.lang.String) -> a
    460:460:boolean isMatch$25e29dd8(java.lang.Object,android.content.res.Configuration) -> a
com.leanplum.ResourceQualifiers$Qualifier$3 -> com.leanplum.aH:
    56:59:java.lang.Object getMatch(java.lang.String) -> a
    63:63:boolean isMatch$25e29dd8(java.lang.Object,android.content.res.Configuration) -> a
com.leanplum.ResourceQualifiers$Qualifier$4 -> com.leanplum.aI:
    69:72:java.lang.Object getMatch(java.lang.String) -> a
    76:76:boolean isMatch$25e29dd8(java.lang.Object,android.content.res.Configuration) -> a
com.leanplum.ResourceQualifiers$Qualifier$5 -> com.leanplum.aJ:
    86:91:java.lang.Object getMatch(java.lang.String) -> a
    95:95:boolean isMatch$25e29dd8(java.lang.Object,android.content.res.Configuration) -> a
com.leanplum.ResourceQualifiers$Qualifier$6 -> com.leanplum.aK:
    101:104:java.lang.Object getMatch(java.lang.String) -> a
    109:115:boolean isMatch$25e29dd8(java.lang.Object,android.content.res.Configuration) -> a
    119:131:java.util.Map bestMatch$45308dd8(java.util.Map,android.util.DisplayMetrics) -> a
com.leanplum.ResourceQualifiers$Qualifier$7 -> com.leanplum.aL:
    137:140:java.lang.Object getMatch(java.lang.String) -> a
    145:151:boolean isMatch$25e29dd8(java.lang.Object,android.content.res.Configuration) -> a
    155:167:java.util.Map bestMatch$45308dd8(java.util.Map,android.util.DisplayMetrics) -> a
com.leanplum.ResourceQualifiers$Qualifier$8 -> com.leanplum.aM:
    173:176:java.lang.Object getMatch(java.lang.String) -> a
    181:187:boolean isMatch$25e29dd8(java.lang.Object,android.content.res.Configuration) -> a
    191:203:java.util.Map bestMatch$45308dd8(java.util.Map,android.util.DisplayMetrics) -> a
com.leanplum.ResourceQualifiers$Qualifier$9 -> com.leanplum.aN:
    209:218:java.lang.Object getMatch(java.lang.String) -> a
    222:222:boolean isMatch$25e29dd8(java.lang.Object,android.content.res.Configuration) -> a
    226:238:java.util.Map bestMatch$45308dd8(java.util.Map,android.util.DisplayMetrics) -> a
com.leanplum.ResourceQualifiers$QualifierFilter -> com.leanplum.aO:
    java.lang.Object getMatch(java.lang.String) -> a
    boolean isMatch$25e29dd8(java.lang.Object,android.content.res.Configuration) -> a
    22:22:java.util.Map bestMatch$45308dd8(java.util.Map,android.util.DisplayMetrics) -> a
com.leanplum.SocketIOClient -> com.leanplum.aP:
    java.lang.String mURL -> a
    com.leanplum.SocketIOClient$Handler mHandler -> b
    java.lang.String mSession -> c
    int mHeartbeat -> d
    com.leanplum.WebSocketClient mClient -> e
    android.os.Handler mSendHandler -> f
    android.os.Looper mSendLooper -> g
    70:76:java.lang.String downloadUriAsString(org.apache.http.client.methods.HttpUriRequest) -> b
    81:89:byte[] readToEndAsArray(java.io.InputStream) -> a
    45:45:void access$000(com.leanplum.SocketIOClient) -> a
    45:45:java.lang.String access$100(org.apache.http.client.methods.HttpUriRequest) -> a
    45:45:void access$200(com.leanplum.SocketIOClient) -> b
com.leanplum.SocketIOClient$1 -> com.leanplum.aQ:
    org.json.JSONObject val$event -> a
    com.leanplum.SocketIOClient this$0 -> b
    107:108:void run() -> run
com.leanplum.SocketIOClient$2$1 -> com.leanplum.aR:
    java.lang.String val$messageId -> a
    com.leanplum.WebSocketClient$Listener this$1$1bb1272 -> b
    155:156:void run() -> run
com.leanplum.SocketIOClient$2$2 -> com.leanplum.aS:
    com.leanplum.WebSocketClient$Listener this$1$1bb1272 -> a
    198:200:void run() -> run
com.leanplum.SocketIOClient$3 -> com.leanplum.aT:
    com.leanplum.SocketIOClient this$0 -> a
    230:254:void run() -> run
com.leanplum.SocketIOClient$Handler -> com.leanplum.aU:
    com.leanplum.LeanplumSocket this$0 -> a
    55:73:void onConnect() -> a
    79:137:void on(java.lang.String,org.json.JSONArray) -> a
    47:51:void onDisconnect$4f708078() -> b
    42:43:void onError(java.lang.Exception) -> a
com.leanplum.Util -> com.leanplum.Util:
    java.util.concurrent.Executor asyncExecutor -> a
    java.lang.String appName -> b
    boolean hasPlayServicesCalled -> c
    boolean hasPlayServices -> d
    112:115:void verboseLog(java.lang.String) -> a
    118:126:java.lang.String md5(java.lang.String) -> d
    130:136:java.lang.String checkDeviceId(java.lang.String,java.lang.String) -> a
    140:170:java.lang.String getWifiMacAddressHash(android.content.Context) -> b
    181:198:com.leanplum.Util$DeviceIdInfo getAdvertisingId(android.content.Context) -> c
    202:212:java.lang.String getAndroidId(android.content.Context) -> d
    226:237:boolean isValidForCharset(java.lang.String,java.lang.String) -> b
    241:258:boolean isValidUserId(java.lang.String) -> b
    262:289:boolean isValidDeviceId(java.lang.String) -> c
    293:323:com.leanplum.Util$DeviceIdInfo getDeviceId(com.leanplum.LeanplumDeviceIdMode) -> a
    327:335:java.lang.String getVersionName() -> a
    339:347:java.lang.String getDeviceModel() -> b
    352:361:java.lang.String getApplicationName(android.content.Context) -> a
    365:372:java.lang.String capitalize(java.lang.String) -> e
    377:377:java.lang.String getSystemName() -> c
    381:381:java.lang.String getSystemVersion() -> d
    385:388:boolean isSimulator() -> e
    392:395:java.lang.String getDeviceName() -> f
    399:407:java.lang.String getLocale() -> g
    411:427:java.lang.String getQuery(java.util.List) -> a
    437:455:java.net.HttpURLConnection operation(java.lang.String,java.lang.String,java.util.Map,java.lang.String,boolean,int) -> a
    477:492:void attachPostParameters(java.util.Map,java.net.HttpURLConnection) -> a
    498:503:java.net.HttpURLConnection createHttpUrlConnection(java.lang.String,java.lang.String,java.lang.String,boolean,int) -> a
    549:610:java.net.HttpURLConnection uploadFilesOperation(java.lang.String,java.util.List,java.util.List,java.lang.String,java.lang.String,java.util.Map,java.lang.String,boolean,int) -> a
    614:621:void saveResponse(java.net.URLConnection,java.io.OutputStream) -> a
    640:647:org.json.JSONObject getJsonResponse(java.net.HttpURLConnection) -> a
    652:665:boolean isConnected() -> h
    671:681:java.lang.Object multiIndex(java.util.Map,java.lang.Object[]) -> a
    685:690:void executeAsyncTask(android.os.AsyncTask,java.lang.Object[]) -> a
    698:727:boolean hasPlayServices() -> i
    731:731:boolean isInBackground() -> j
    740:758:void initializePreLeanplumInstall(java.util.Map) -> a
    793:839:void handleException(java.lang.Throwable) -> a
com.leanplum.Util$DeviceIdInfo -> com.leanplum.Util$DeviceIdInfo:
    java.lang.String id -> a
    boolean limitAdTracking -> b
com.leanplum.Var -> com.leanplum.Var:
    java.lang.String name -> e
    java.lang.String[] nameComponents -> f
    java.lang.String stringValue -> a
    java.lang.Double numberValue -> g
    java.lang.Object defaultValue -> h
    java.lang.Object value -> i
    java.lang.String kind -> j
    java.util.List fileReadyHandlers -> k
    java.util.List valueChangedHandlers -> l
    boolean fileIsPending -> m
    boolean hadStarted -> n
    boolean isAsset -> o
    boolean isResource -> b
    int size -> c
    java.lang.String hash -> d
    byte[] data -> p
    boolean valueIsInAssets -> q
    boolean isInternal -> r
    int overrideResId -> s
    boolean printedCallbackWarning -> t
    51:57:void warnIfNotStarted() -> b
    65:97:com.leanplum.Var define(java.lang.String,java.lang.Object,java.lang.String,com.leanplum.Var$VarInitializer) -> a
    106:106:com.leanplum.Var define(java.lang.String,java.lang.Object) -> define
    110:110:com.leanplum.Var define(java.lang.String,java.lang.Object,java.lang.String) -> define
    114:114:com.leanplum.Var defineColor(java.lang.String,int) -> defineColor
    118:118:com.leanplum.Var defineFile(java.lang.String,java.lang.String) -> defineFile
    122:122:com.leanplum.Var defineAsset(java.lang.String,java.lang.String) -> defineAsset
    132:132:com.leanplum.Var defineResource(java.lang.String,java.lang.String,int,java.lang.String,byte[]) -> a
    149:149:java.lang.String name() -> name
    153:153:java.lang.String[] nameComponents() -> nameComponents
    160:160:java.lang.String kind() -> kind
    164:164:java.lang.Object defaultValue() -> defaultValue
    168:169:java.lang.Object value() -> value
    173:173:int overrideResId() -> overrideResId
    177:178:void setOverrideResId(int) -> setOverrideResId
    182:215:void cacheComputedValues() -> c
    221:270:void update() -> a
    282:288:void addValueChangedHandler(com.leanplum.callbacks.VariableCallback) -> addValueChangedHandler
    291:293:void removeValueChangedHandler(com.leanplum.callbacks.VariableCallback) -> removeValueChangedHandler
    297:303:void triggerFileIsReady() -> d
    307:313:void addFileReadyHandler(com.leanplum.callbacks.VariableCallback) -> addFileReadyHandler
    316:318:void removeFileReadyHandler(com.leanplum.callbacks.VariableCallback) -> removeFileReadyHandler
    323:330:java.lang.String fileValue() -> fileValue
    335:342:java.lang.Object objectForKeyPath(java.lang.Object[]) -> objectForKeyPath
    348:358:int count() -> count
    362:363:java.lang.Number numberValue() -> numberValue
    367:368:java.lang.String stringValue() -> stringValue
    373:385:java.io.InputStream stream() -> stream
    391:398:java.io.InputStream defaultStream() -> defaultStream
    404:404:java.lang.String toString() -> toString
    26:26:boolean access$002(com.leanplum.Var,boolean) -> a
    26:26:byte[] access$102(com.leanplum.Var,byte[]) -> a
    26:26:void access$200(com.leanplum.Var) -> a
com.leanplum.Var$1 -> com.leanplum.aV:
    125:126:void init(com.leanplum.Var) -> a
com.leanplum.Var$2 -> com.leanplum.aW:
    int val$size -> a
    java.lang.String val$hash -> b
    byte[] val$data -> c
    135:139:void init(com.leanplum.Var) -> a
com.leanplum.Var$3 -> com.leanplum.aX:
    com.leanplum.Var this$0 -> a
    252:253:void run() -> run
com.leanplum.Var$VarInitializer -> com.leanplum.aY:
    void init(com.leanplum.Var) -> a
com.leanplum.VarCache -> com.leanplum.aZ:
    java.util.Map vars -> b
    java.util.Map fileAttributes -> c
    java.util.Map fileStreams -> d
    java.util.Map valuesFromClient -> a
    java.util.Map defaultKinds -> e
    java.util.Map actionDefinitions -> f
    java.util.Map diffs -> g
    java.util.Map regions -> h
    java.util.Map messageDiffs -> i
    java.util.Map devModeValuesFromServer -> j
    java.util.Map devModeFileAttributesFromServer -> k
    java.util.Map devModeActionDefinitionsFromServer -> l
    java.util.List variants -> m
    com.leanplum.VarCache$CacheUpdateBlock updateBlock -> n
    boolean hasReceivedDiffs -> o
    java.util.Map messages -> p
    java.lang.Object merged -> q
    boolean silent -> r
    int contentVersion -> s
    java.util.Map userAttributes -> t
    java.util.regex.Pattern NAME_COMPONENT_PATTERN -> u
    69:74:java.lang.String[] getNameComponents(java.lang.String) -> a
    79:97:java.lang.Object traverse(java.lang.Object,java.lang.Object,boolean) -> a
    103:133:boolean registerFile(java.lang.String,java.lang.String,java.io.InputStream,boolean,java.lang.String,int) -> a
    140:147:void updateValues(java.lang.String,java.lang.String[],java.lang.Object,java.lang.String,java.util.Map,java.util.Map) -> a
    150:162:void registerVariable(com.leanplum.Var) -> a
    166:166:com.leanplum.Var getVariable(java.lang.String) -> b
    176:252:java.lang.Object mergeHelper(java.lang.Object,java.lang.Object) -> a
    257:261:java.lang.Object getMergedValueFromComponentArray(java.lang.Object[],java.lang.Object) -> a
    265:265:java.lang.Object getMergedValueFromComponentArray(java.lang.Object[]) -> a
    270:270:java.util.Map diffs() -> a
    274:274:java.util.Map messageDiffs() -> b
    282:282:boolean hasReceivedDiffs() -> c
    286:334:void loadDiffs() -> d
    337:368:void saveDiffs() -> e
    374:386:int getResIdFromPath(java.lang.String) -> c
    395:408:void fileVariableFinish() -> o
    416:481:void applyVariableDiffs(java.util.Map,java.util.Map,java.util.Map,java.util.List) -> a
    484:484:int contentVersion() -> f
    518:531:void maybeSendUpdatedValuesFromCode() -> g
    536:607:void maybeUploadNewFiles() -> h
    614:615:void setSilent(boolean) -> a
    618:618:boolean silent() -> i
    623:626:void setDevModeValuesFromServer(java.util.Map,java.util.Map,java.util.Map) -> a
    629:630:void onUpdate(com.leanplum.VarCache$CacheUpdateBlock) -> a
    633:633:java.util.List variants() -> j
    637:637:java.util.Map actionDefinitions() -> k
    641:641:java.util.Map messages() -> l
    647:662:void registerActionDefinition(java.lang.String,int,java.util.List,java.util.Map) -> a
    665:687:java.lang.String kindFromValue(java.lang.Object) -> a
    691:704:java.util.Map userAttributes() -> m
    708:724:void saveUserAttributes() -> n
com.leanplum.VarCache$CacheUpdateBlock -> com.leanplum.ba:
    490:494:void updateCache() -> a
com.leanplum.WebSocketClient -> com.leanplum.bb:
    java.net.URI mURI -> a
    com.leanplum.WebSocketClient$Listener mListener -> b
    java.net.Socket mSocket -> c
    java.lang.Thread mThread -> d
    android.os.HandlerThread mHandlerThread -> e
    android.os.Handler mHandler -> f
    java.util.List mExtraHeaders -> g
    com.leanplum.HybiParser mParser -> h
    java.lang.Object mSendLock -> i
    82:82:com.leanplum.WebSocketClient$Listener getListener() -> a
    86:162:void connect() -> b
    165:181:void disconnect() -> c
    184:185:void send(java.lang.String) -> a
    231:247:void sendFrame(byte[]) -> a
    50:50:java.net.URI access$000(com.leanplum.WebSocketClient) -> a
    50:50:javax.net.ssl.SSLSocketFactory access$100(com.leanplum.WebSocketClient) -> b
    50:50:java.net.Socket access$202(com.leanplum.WebSocketClient,java.net.Socket) -> a
    50:50:java.net.Socket access$200(com.leanplum.WebSocketClient) -> c
    50:50:java.lang.String access$300(com.leanplum.WebSocketClient) -> d
    50:50:java.util.List access$400(com.leanplum.WebSocketClient) -> e
    50:50:java.lang.String access$500(com.leanplum.WebSocketClient,com.leanplum.HybiParser$HappyDataInputStream) -> a
    50:50:org.apache.http.StatusLine access$600(com.leanplum.WebSocketClient,java.lang.String) -> a
    50:50:org.apache.http.Header access$700(com.leanplum.WebSocketClient,java.lang.String) -> b
    50:50:com.leanplum.WebSocketClient$Listener access$800(com.leanplum.WebSocketClient) -> f
    50:50:com.leanplum.HybiParser access$900(com.leanplum.WebSocketClient) -> g
    50:50:java.lang.Object access$1000(com.leanplum.WebSocketClient) -> h
com.leanplum.WebSocketClient$1 -> com.leanplum.bc:
    com.leanplum.WebSocketClient this$0 -> a
    94:159:void run() -> run
com.leanplum.WebSocketClient$2 -> com.leanplum.bd:
    com.leanplum.WebSocketClient this$0 -> a
    170:178:void run() -> run
com.leanplum.WebSocketClient$3 -> com.leanplum.be:
    byte[] val$frame -> a
    com.leanplum.WebSocketClient this$0 -> b
    235:245:void run() -> run
com.leanplum.WebSocketClient$Listener -> com.leanplum.bf:
    com.leanplum.SocketIOClient this$0 -> a
    195:203:void onConnect() -> a
    125:178:void onMessage(java.lang.String) -> a
    117:119:void onMessage$25e06fc() -> b
    188:191:void onDisconnect(int,java.lang.String) -> a
    182:184:void onError(java.lang.Exception) -> a
com.leanplum.activities.LeanplumAccountAuthenticatorActivity -> com.leanplum.activities.LeanplumAccountAuthenticatorActivity:
    com.leanplum.LeanplumActivityHelper helper -> a
    15:18:com.leanplum.LeanplumActivityHelper getHelper() -> a
    23:25:void onPause() -> onPause
    29:31:void onStop() -> onStop
    35:37:void onResume() -> onResume
    41:44:android.content.res.Resources getResources() -> getResources
    49:54:void setContentView(int) -> setContentView
com.leanplum.activities.LeanplumActionBarActivity -> com.leanplum.activities.LeanplumActionBarActivity:
    com.leanplum.LeanplumActivityHelper helper -> a
    16:19:com.leanplum.LeanplumActivityHelper getHelper() -> a
    24:26:void onPause() -> onPause
    30:32:void onStop() -> onStop
    36:38:void onResume() -> onResume
    42:45:android.content.res.Resources getResources() -> getResources
    50:55:void setContentView(int) -> setContentView
com.leanplum.activities.LeanplumActivity -> com.leanplum.activities.LeanplumActivity:
    com.leanplum.LeanplumActivityHelper helper -> a
    15:18:com.leanplum.LeanplumActivityHelper getHelper() -> a
    23:25:void onPause() -> onPause
    29:31:void onStop() -> onStop
    35:37:void onResume() -> onResume
    41:44:android.content.res.Resources getResources() -> getResources
    49:54:void setContentView(int) -> setContentView
com.leanplum.activities.LeanplumActivityGroup -> com.leanplum.activities.LeanplumActivityGroup:
    com.leanplum.LeanplumActivityHelper helper -> a
    16:19:com.leanplum.LeanplumActivityHelper getHelper() -> a
    24:26:void onPause() -> onPause
    30:32:void onStop() -> onStop
    36:38:void onResume() -> onResume
    42:45:android.content.res.Resources getResources() -> getResources
    50:55:void setContentView(int) -> setContentView
com.leanplum.activities.LeanplumAliasActivity -> com.leanplum.activities.LeanplumAliasActivity:
    com.leanplum.LeanplumActivityHelper helper -> a
    15:18:com.leanplum.LeanplumActivityHelper getHelper() -> a
    23:25:void onPause() -> onPause
    29:31:void onStop() -> onStop
    35:37:void onResume() -> onResume
    41:44:android.content.res.Resources getResources() -> getResources
    49:54:void setContentView(int) -> setContentView
com.leanplum.activities.LeanplumAppCompatActivity -> com.leanplum.activities.LeanplumAppCompatActivity:
    com.leanplum.LeanplumActivityHelper helper -> a
    15:18:com.leanplum.LeanplumActivityHelper getHelper() -> a
    23:25:void onPause() -> onPause
    29:31:void onStop() -> onStop
    35:37:void onResume() -> onResume
    41:44:android.content.res.Resources getResources() -> getResources
    49:54:void setContentView(int) -> setContentView
com.leanplum.activities.LeanplumExpandableListActivity -> com.leanplum.activities.LeanplumExpandableListActivity:
    com.leanplum.LeanplumActivityHelper helper -> a
    15:18:com.leanplum.LeanplumActivityHelper getHelper() -> a
    23:25:void onPause() -> onPause
    29:31:void onStop() -> onStop
    35:37:void onResume() -> onResume
    41:44:android.content.res.Resources getResources() -> getResources
    49:54:void setContentView(int) -> setContentView
com.leanplum.activities.LeanplumFragmentActivity -> com.leanplum.activities.LeanplumFragmentActivity:
    com.leanplum.LeanplumActivityHelper helper -> a
    15:18:com.leanplum.LeanplumActivityHelper getHelper() -> a
    23:25:void onPause() -> onPause
    29:31:void onStop() -> onStop
    35:37:void onResume() -> onResume
    41:44:android.content.res.Resources getResources() -> getResources
    49:54:void setContentView(int) -> setContentView
com.leanplum.activities.LeanplumLauncherActivity -> com.leanplum.activities.LeanplumLauncherActivity:
    com.leanplum.LeanplumActivityHelper helper -> a
    15:18:com.leanplum.LeanplumActivityHelper getHelper() -> a
    23:25:void onPause() -> onPause
    29:31:void onStop() -> onStop
    35:37:void onResume() -> onResume
    41:44:android.content.res.Resources getResources() -> getResources
    49:54:void setContentView(int) -> setContentView
com.leanplum.activities.LeanplumListActivity -> com.leanplum.activities.LeanplumListActivity:
    com.leanplum.LeanplumActivityHelper helper -> a
    15:18:com.leanplum.LeanplumActivityHelper getHelper() -> a
    23:25:void onPause() -> onPause
    29:31:void onStop() -> onStop
    35:37:void onResume() -> onResume
    41:44:android.content.res.Resources getResources() -> getResources
    49:54:void setContentView(int) -> setContentView
com.leanplum.activities.LeanplumNativeActivity -> com.leanplum.activities.LeanplumNativeActivity:
    com.leanplum.LeanplumActivityHelper helper -> a
    15:18:com.leanplum.LeanplumActivityHelper getHelper() -> a
    23:25:void onPause() -> onPause
    29:31:void onStop() -> onStop
    35:37:void onResume() -> onResume
    41:44:android.content.res.Resources getResources() -> getResources
    49:54:void setContentView(int) -> setContentView
com.leanplum.activities.LeanplumPreferenceActivity -> com.leanplum.activities.LeanplumPreferenceActivity:
    com.leanplum.LeanplumActivityHelper helper -> a
    15:18:com.leanplum.LeanplumActivityHelper getHelper() -> a
    23:25:void onPause() -> onPause
    29:31:void onStop() -> onStop
    35:37:void onResume() -> onResume
    41:44:android.content.res.Resources getResources() -> getResources
    49:54:void setContentView(int) -> setContentView
com.leanplum.activities.LeanplumSherlockActivity -> com.leanplum.activities.LeanplumSherlockActivity:
    com.leanplum.LeanplumActivityHelper helper -> a
    15:18:com.leanplum.LeanplumActivityHelper getHelper() -> a
    23:25:void onPause() -> onPause
    29:31:void onStop() -> onStop
    35:37:void onResume() -> onResume
    41:44:android.content.res.Resources getResources() -> getResources
    49:54:void setContentView(int) -> setContentView
com.leanplum.activities.LeanplumSherlockExpandableListActivity -> com.leanplum.activities.LeanplumSherlockExpandableListActivity:
    com.leanplum.LeanplumActivityHelper helper -> a
    16:19:com.leanplum.LeanplumActivityHelper getHelper() -> a
    24:26:void onPause() -> onPause
    30:32:void onStop() -> onStop
    36:38:void onResume() -> onResume
    42:45:android.content.res.Resources getResources() -> getResources
    50:55:void setContentView(int) -> setContentView
com.leanplum.activities.LeanplumSherlockFragmentActivity -> com.leanplum.activities.LeanplumSherlockFragmentActivity:
    com.leanplum.LeanplumActivityHelper helper -> a
    15:18:com.leanplum.LeanplumActivityHelper getHelper() -> a
    23:25:void onPause() -> onPause
    29:31:void onStop() -> onStop
    35:37:void onResume() -> onResume
    41:44:android.content.res.Resources getResources() -> getResources
    49:54:void setContentView(int) -> setContentView
com.leanplum.activities.LeanplumSherlockPreferenceActivity -> com.leanplum.activities.LeanplumSherlockPreferenceActivity:
    com.leanplum.LeanplumActivityHelper helper -> a
    14:17:com.leanplum.LeanplumActivityHelper getHelper() -> a
    22:24:void onPause() -> onPause
    28:30:void onStop() -> onStop
    34:36:void onResume() -> onResume
    40:43:android.content.res.Resources getResources() -> getResources
    48:53:void setContentView(int) -> setContentView
com.leanplum.activities.LeanplumTabActivity -> com.leanplum.activities.LeanplumTabActivity:
    com.leanplum.LeanplumActivityHelper helper -> a
    16:19:com.leanplum.LeanplumActivityHelper getHelper() -> a
    24:26:void onPause() -> onPause
    30:32:void onStop() -> onStop
    36:38:void onResume() -> onResume
    42:45:android.content.res.Resources getResources() -> getResources
    50:55:void setContentView(int) -> setContentView
com.leanplum.annotations.File -> com.leanplum.annotations.File:
    java.lang.String group() -> group
    java.lang.String name() -> name
com.leanplum.annotations.Parser -> com.leanplum.annotations.Parser:
    26:54:void defineVariable(java.lang.Object,java.lang.String,java.lang.Object,java.lang.String,java.lang.reflect.Field) -> a
    96:102:void parseVariables(java.lang.Object[]) -> parseVariables
    109:115:void parseVariablesForClasses(java.lang.Class[]) -> parseVariablesForClasses
    119:181:void parseVariablesHelper(java.lang.Object,java.lang.Class) -> a
com.leanplum.annotations.Parser$1 -> com.leanplum.annotations.a:
    java.lang.ref.WeakReference val$weakInstance -> a
    boolean val$hasInstance -> b
    java.lang.reflect.Field val$field -> c
    com.leanplum.Var val$var -> d
    32:52:void handle(com.leanplum.Var) -> handle
com.leanplum.annotations.Parser$2 -> com.leanplum.annotations.b:
    java.lang.ref.WeakReference val$weakInstance -> a
    boolean val$hasInstance -> b
    java.lang.reflect.Field val$field -> c
    com.leanplum.Var val$var -> d
    67:87:void handle(com.leanplum.Var) -> handle
com.leanplum.annotations.Variable -> com.leanplum.annotations.Variable:
    java.lang.String group() -> group
    java.lang.String name() -> name
com.leanplum.callbacks.ActionCallback -> com.leanplum.callbacks.ActionCallback:
    boolean onResponse(com.leanplum.ActionContext) -> onResponse
com.leanplum.callbacks.NewsfeedChangedCallback -> com.leanplum.callbacks.NewsfeedChangedCallback:
    12:13:void run() -> run
    void newsfeedChanged() -> newsfeedChanged
com.leanplum.callbacks.RegisterDeviceCallback -> com.leanplum.callbacks.RegisterDeviceCallback:
    com.leanplum.callbacks.RegisterDeviceCallback$EmailCallback callback -> a
    27:28:void setResponseHandler(com.leanplum.callbacks.RegisterDeviceCallback$EmailCallback) -> setResponseHandler
    31:32:void run() -> run
    void onResponse(com.leanplum.callbacks.RegisterDeviceCallback$EmailCallback) -> onResponse
com.leanplum.callbacks.RegisterDeviceCallback$EmailCallback -> com.leanplum.callbacks.RegisterDeviceCallback$EmailCallback:
    java.lang.String email -> a
    14:15:void setResponseHandler(java.lang.String) -> setResponseHandler
    18:19:void run() -> run
    void onResponse(java.lang.String) -> onResponse
com.leanplum.callbacks.RegisterDeviceFinishedCallback -> com.leanplum.callbacks.RegisterDeviceFinishedCallback:
    boolean success -> a
    13:14:void setSuccess(boolean) -> setSuccess
    17:18:void run() -> run
    void onResponse(boolean) -> onResponse
com.leanplum.callbacks.StartCallback -> com.leanplum.callbacks.StartCallback:
    boolean success -> a
    14:15:void setSuccess(boolean) -> setSuccess
    18:19:void run() -> run
    void onResponse(boolean) -> onResponse
com.leanplum.callbacks.VariableCallback -> com.leanplum.callbacks.VariableCallback:
    com.leanplum.Var variable -> a
    15:16:void setVariable(com.leanplum.Var) -> setVariable
    19:20:void run() -> run
    void handle(com.leanplum.Var) -> handle
com.leanplum.callbacks.VariablesChangedCallback -> com.leanplum.callbacks.VariablesChangedCallback:
    11:12:void run() -> run
    void variablesChanged() -> variablesChanged
com.leanplum.messagetemplates.Alert -> com.leanplum.messagetemplates.a:
com.leanplum.messagetemplates.Alert$1 -> com.leanplum.messagetemplates.b:
    38:58:boolean onResponse(com.leanplum.ActionContext) -> onResponse
com.leanplum.messagetemplates.Alert$1$1 -> com.leanplum.messagetemplates.c:
    com.leanplum.ActionContext val$context -> a
    41:56:void variablesChanged() -> variablesChanged
com.leanplum.messagetemplates.Alert$1$1$1 -> com.leanplum.messagetemplates.d:
    com.leanplum.messagetemplates.Alert$1$1 this$1 -> a
    51:52:void onClick(android.content.DialogInterface,int) -> onClick
com.leanplum.messagetemplates.BaseMessageDialog -> com.leanplum.messagetemplates.BaseMessageDialog:
    android.widget.RelativeLayout dialogView -> a
    com.leanplum.messagetemplates.BaseMessageOptions options -> options
    com.leanplum.messagetemplates.WebInterstitialOptions webOptions -> webOptions
    boolean isWeb -> b
    boolean isClosing -> c
    99:119:void cancel() -> cancel
    219:221:android.graphics.drawable.shapes.Shape createRoundRect(int) -> a
    41:41:void access$001(com.leanplum.messagetemplates.BaseMessageDialog) -> a
    41:41:boolean access$100(com.leanplum.messagetemplates.BaseMessageDialog) -> b
com.leanplum.messagetemplates.BaseMessageDialog$1 -> com.leanplum.messagetemplates.e:
    com.leanplum.messagetemplates.BaseMessageDialog this$0 -> a
    105:105:void onAnimationStart(android.view.animation.Animation) -> onAnimationStart
    106:106:void onAnimationRepeat(android.view.animation.Animation) -> onAnimationRepeat
    109:116:void onAnimationEnd(android.view.animation.Animation) -> onAnimationEnd
com.leanplum.messagetemplates.BaseMessageDialog$1$1 -> com.leanplum.messagetemplates.f:
    com.leanplum.messagetemplates.BaseMessageDialog$1 this$1 -> a
    113:114:void run() -> run
com.leanplum.messagetemplates.BaseMessageDialog$2 -> com.leanplum.messagetemplates.g:
    com.leanplum.messagetemplates.BaseMessageDialog this$0 -> a
    139:140:void onClick(android.view.View) -> onClick
com.leanplum.messagetemplates.BaseMessageDialog$3 -> com.leanplum.messagetemplates.h:
    com.leanplum.messagetemplates.BaseMessageDialog this$0 -> a
    291:306:boolean shouldOverrideUrlLoading(android.webkit.WebView,java.lang.String) -> shouldOverrideUrlLoading
com.leanplum.messagetemplates.BaseMessageDialog$4 -> com.leanplum.messagetemplates.i:
    com.leanplum.messagetemplates.BaseMessageDialog this$0 -> a
    334:338:void onClick(android.view.View) -> onClick
com.leanplum.messagetemplates.BaseMessageOptions -> com.leanplum.messagetemplates.BaseMessageOptions:
    com.leanplum.ActionContext context -> context
    java.lang.String title -> title
    int titleColor -> titleColor
    java.lang.String messageText -> messageText
    int messageColor -> messageColor
    android.graphics.Bitmap backgroundImage -> backgroundImage
    int backgroundColor -> backgroundColor
    java.lang.String acceptButtonText -> acceptButtonText
    int acceptButtonBackgroundColor -> acceptButtonBackgroundColor
    int acceptButtonTextColor -> acceptButtonTextColor
    57:57:int getBackgroundColor() -> getBackgroundColor
    61:62:void setBackgroundColor(int) -> setBackgroundColor
    65:65:java.lang.String getAcceptButtonText() -> getAcceptButtonText
    69:70:void setAcceptButtonText(java.lang.String) -> setAcceptButtonText
    73:73:java.lang.String getTitle() -> getTitle
    77:78:void setTitle(java.lang.String) -> setTitle
    81:81:int getTitleColor() -> getTitleColor
    85:86:void setTitleColor(int) -> setTitleColor
    89:89:java.lang.String getMessageText() -> getMessageText
    93:94:void setMessageText(java.lang.String) -> setMessageText
    97:97:int getMessageColor() -> getMessageColor
    101:102:void setMessageColor(int) -> setMessageColor
    105:105:android.graphics.Bitmap getBackgroundImage() -> getBackgroundImage
    109:109:android.graphics.Bitmap getBackgroundImageRounded(int) -> getBackgroundImageRounded
    113:114:void setBackgroundImage(android.graphics.Bitmap) -> setBackgroundImage
    117:117:int getAcceptButtonBackgroundColor() -> getAcceptButtonBackgroundColor
    121:122:void setAcceptButtonBackgroundColor(int) -> setAcceptButtonBackgroundColor
    125:125:int getAcceptButtonTextColor() -> getAcceptButtonTextColor
    129:130:void setAcceptButtonTextColor(int) -> setAcceptButtonTextColor
    133:134:void accept() -> accept
    137:148:com.leanplum.ActionArgs toArgs(android.content.Context) -> toArgs
com.leanplum.messagetemplates.CenterPopup -> com.leanplum.messagetemplates.CenterPopup:
    27:49:void register(android.content.Context) -> register
com.leanplum.messagetemplates.CenterPopup$1 -> com.leanplum.messagetemplates.j:
    31:46:boolean onResponse(com.leanplum.ActionContext) -> onResponse
com.leanplum.messagetemplates.CenterPopup$1$1 -> com.leanplum.messagetemplates.k:
    com.leanplum.ActionContext val$context -> a
    35:44:void variablesChanged() -> variablesChanged
com.leanplum.messagetemplates.CenterPopup$1$1$1 -> com.leanplum.messagetemplates.l:
    com.leanplum.messagetemplates.CenterPopup$1$1 this$1 -> a
    38:42:void variablesChanged() -> variablesChanged
com.leanplum.messagetemplates.CenterPopupOptions -> com.leanplum.messagetemplates.CenterPopupOptions:
    int width -> a
    int height -> b
    26:26:int getWidth() -> getWidth
    34:34:int getHeight() -> getHeight
    42:44:com.leanplum.ActionArgs toArgs(android.content.Context) -> toArgs
    15:15:void accept() -> accept
    15:15:int getAcceptButtonTextColor() -> getAcceptButtonTextColor
    15:15:int getAcceptButtonBackgroundColor() -> getAcceptButtonBackgroundColor
    15:15:android.graphics.Bitmap getBackgroundImageRounded(int) -> getBackgroundImageRounded
    15:15:android.graphics.Bitmap getBackgroundImage() -> getBackgroundImage
    15:15:int getMessageColor() -> getMessageColor
    15:15:java.lang.String getMessageText() -> getMessageText
    15:15:int getTitleColor() -> getTitleColor
    15:15:java.lang.String getTitle() -> getTitle
    15:15:java.lang.String getAcceptButtonText() -> getAcceptButtonText
    15:15:int getBackgroundColor() -> getBackgroundColor
com.leanplum.messagetemplates.Confirm -> com.leanplum.messagetemplates.m:
com.leanplum.messagetemplates.Confirm$1 -> com.leanplum.messagetemplates.n:
    40:66:boolean onResponse(com.leanplum.ActionContext) -> onResponse
com.leanplum.messagetemplates.Confirm$1$1 -> com.leanplum.messagetemplates.o:
    com.leanplum.ActionContext val$context -> a
    43:64:void variablesChanged() -> variablesChanged
com.leanplum.messagetemplates.Confirm$1$1$1 -> com.leanplum.messagetemplates.p:
    com.leanplum.messagetemplates.Confirm$1$1 this$1 -> a
    59:60:void onClick(android.content.DialogInterface,int) -> onClick
com.leanplum.messagetemplates.Confirm$1$1$2 -> com.leanplum.messagetemplates.q:
    com.leanplum.messagetemplates.Confirm$1$1 this$1 -> a
    53:54:void onClick(android.content.DialogInterface,int) -> onClick
com.leanplum.messagetemplates.Interstitial -> com.leanplum.messagetemplates.Interstitial:
    27:50:void register(android.content.Context) -> register
com.leanplum.messagetemplates.Interstitial$1 -> com.leanplum.messagetemplates.r:
    32:47:boolean onResponse(com.leanplum.ActionContext) -> onResponse
com.leanplum.messagetemplates.Interstitial$1$1 -> com.leanplum.messagetemplates.s:
    com.leanplum.ActionContext val$context -> a
    36:45:void variablesChanged() -> variablesChanged
com.leanplum.messagetemplates.Interstitial$1$1$1 -> com.leanplum.messagetemplates.t:
    com.leanplum.messagetemplates.Interstitial$1$1 this$1 -> a
    39:43:void variablesChanged() -> variablesChanged
com.leanplum.messagetemplates.InterstitialOptions -> com.leanplum.messagetemplates.InterstitialOptions:
    21:22:com.leanplum.ActionArgs toArgs(android.content.Context) -> toArgs
    14:14:void accept() -> accept
    14:14:int getAcceptButtonTextColor() -> getAcceptButtonTextColor
    14:14:int getAcceptButtonBackgroundColor() -> getAcceptButtonBackgroundColor
    14:14:android.graphics.Bitmap getBackgroundImageRounded(int) -> getBackgroundImageRounded
    14:14:android.graphics.Bitmap getBackgroundImage() -> getBackgroundImage
    14:14:int getMessageColor() -> getMessageColor
    14:14:java.lang.String getMessageText() -> getMessageText
    14:14:int getTitleColor() -> getTitleColor
    14:14:java.lang.String getTitle() -> getTitle
    14:14:java.lang.String getAcceptButtonText() -> getAcceptButtonText
    14:14:int getBackgroundColor() -> getBackgroundColor
com.leanplum.messagetemplates.MessageTemplates -> com.leanplum.messagetemplates.MessageTemplates:
    java.lang.Boolean registered -> a
    66:70:java.lang.String getApplicationName(android.content.Context) -> a
    74:84:void register(android.content.Context) -> register
com.leanplum.messagetemplates.OpenURL$1 -> com.leanplum.messagetemplates.u:
    36:52:boolean onResponse(com.leanplum.ActionContext) -> onResponse
com.leanplum.messagetemplates.WebInterstitial -> com.leanplum.messagetemplates.WebInterstitial:
    28:44:void register(android.content.Context) -> register
com.leanplum.messagetemplates.WebInterstitial$1 -> com.leanplum.messagetemplates.v:
    32:41:boolean onResponse(com.leanplum.ActionContext) -> onResponse
com.leanplum.messagetemplates.WebInterstitial$1$1 -> com.leanplum.messagetemplates.w:
    com.leanplum.ActionContext val$context -> a
    35:39:void variablesChanged() -> variablesChanged
com.leanplum.messagetemplates.WebInterstitialOptions -> com.leanplum.messagetemplates.WebInterstitialOptions:
    java.lang.String url -> a
    java.lang.String closeUrl -> b
    boolean hasDismissButton -> c
    27:27:java.lang.String getUrl() -> getUrl
    35:35:boolean hasDismissButton() -> hasDismissButton
    43:43:java.lang.String getCloseUrl() -> getCloseUrl
    51:54:com.leanplum.ActionArgs toArgs(android.content.Context) -> toArgs
com.leanplum.utils.BitmapUtil -> com.leanplum.utils.BitmapUtil:
    21:44:android.graphics.Bitmap getRoundedCornerBitmap(android.graphics.Bitmap,int) -> getRoundedCornerBitmap
    49:51:void stateBackgroundDarkerByPercentage(android.view.View,int,int) -> stateBackgroundDarkerByPercentage
    54:64:int getDarker(int,int) -> getDarker
    69:74:void stateBackground(android.view.View,int,int) -> stateBackground
    78:96:android.graphics.drawable.Drawable getBackground(int,int) -> getBackground
com.leanplum.utils.SizeUtil -> com.leanplum.utils.SizeUtil:
    int dp2 -> dp2
    int dp30 -> dp30
    int dp5 -> dp5
    int dp20 -> dp20
    int dp18 -> dp18
    int dp16 -> dp16
    int dp14 -> dp14
    int dp10 -> dp10
    int dp7 -> dp7
    int dp100 -> dp100
    int dp200 -> dp200
    int dp250 -> dp250
    int dp50 -> dp50
    int textSize0_2 -> textSize0_2
    int textSize0_1 -> textSize0_1
    int textSize0 -> textSize0
    int textSize1 -> textSize1
    int textSize2 -> textSize2
    boolean hasInited -> a
    38:55:void init(android.content.Context) -> init
    58:62:int dpToPx(android.content.Context,int) -> dpToPx
    66:70:int pxToDp(android.content.Context,int) -> pxToDp
    74:76:int spToPx(android.content.Context,int) -> spToPx
    80:82:int pxToSp(android.content.Context,int) -> pxToSp
    86:97:int getStatusBarHeight(android.app.Activity) -> getStatusBarHeight
com.leanplum.views.BackgroundImageView -> com.leanplum.views.BackgroundImageView:
    android.graphics.Paint paint -> a
    boolean fullscreen -> b
    android.graphics.Matrix emptyMatrix -> c
    boolean loadedBitmap -> d
    48:51:void init$faab20d() -> a
    55:67:void onDraw(android.graphics.Canvas) -> onDraw
    70:79:android.graphics.Bitmap loadBitmapFromView(android.view.View) -> loadBitmapFromView
com.leanplum.views.CloseButton -> com.leanplum.views.CloseButton:
    android.graphics.Paint circlePaint -> a
    android.graphics.Paint circlePressedPaint -> b
    android.graphics.Paint linePaint -> c
    float size -> d
    float x1 -> e
    float y1 -> f
    float x2 -> g
    float y2 -> h
    boolean isPressed -> i
    41:58:void initLabelView$faab20d() -> a
    62:62:boolean performClick() -> performClick
    67:77:boolean onTouchEvent(android.view.MotionEvent) -> onTouchEvent
    82:84:void onMeasure(int,int) -> onMeasure
    88:93:void onDraw(android.graphics.Canvas) -> onDraw
